Server is running on port 3000
[NON-OK] GET /world.png - Status: 304
WS message received: {
  [0mtype[2m:[0m [0m[32m[0m[32m"stopAttack"[0m[0m[0m[2m,[0m
}
WS message received: {
  [0mtype[2m:[0m [0m[32m[0m[32m"stopAttack"[0m[0m[0m[2m,[0m
}
WS message received: {
  [0mtype[2m:[0m [0m[32m[0m[32m"move"[0m[0m[0m[2m,[0m
  [0mx[2m:[0m [0m[33m329.0303225806452[0m[0m[2m,[0m
  [0my[2m:[0m [0m[33m288.3083870967742[0m[0m[2m,[0m
}
WS move {
  [0mcurrentPlayerId[2m:[0m [0m[32m[0m[32m"536b2e83-2a1a-4b80-b264-d18be01be7c5"[0m[0m[0m[2m,[0m
  [0mx[2m:[0m [0m[33m329.0303225806452[0m[0m[2m,[0m
  [0my[2m:[0m [0m[33m288.3083870967742[0m[0m[2m,[0m
  [0menemyId[2m:[0m [0m[2mundefined[0m[0m[2m,[0m
}
WS message received: {
  [0mtype[2m:[0m [0m[32m[0m[32m"stopAttack"[0m[0m[0m[2m,[0m
}
WS message received: {
  [0mtype[2m:[0m [0m[32m[0m[32m"move"[0m[0m[0m[2m,[0m
  [0mx[2m:[0m [0m[33m356.1864516129033[0m[0m[2m,[0m
  [0my[2m:[0m [0m[33m338.62709677419355[0m[0m[2m,[0m
}
WS move {
  [0mcurrentPlayerId[2m:[0m [0m[32m[0m[32m"536b2e83-2a1a-4b80-b264-d18be01be7c5"[0m[0m[0m[2m,[0m
  [0mx[2m:[0m [0m[33m356.1864516129033[0m[0m[2m,[0m
  [0my[2m:[0m [0m[33m338.62709677419355[0m[0m[2m,[0m
  [0menemyId[2m:[0m [0m[2mundefined[0m[0m[2m,[0m
}
WS message received: {
  [0mtype[2m:[0m [0m[32m[0m[32m"chat"[0m[0m[0m[2m,[0m
  [0mtext[2m:[0m [0m[32m[0m[32m"$delmob 5"[0m[0m[0m[2m,[0m
}
[NON-OK] GET /player-temp.png - Status: 304
[NON-OK] GET /mobs/0.png - Status: 304
WS message received: {
  [0mtype[2m:[0m [0m[32m[0m[32m"chat"[0m[0m[0m[2m,[0m
  [0mtext[2m:[0m [0m[32m[0m[32m"$addmob 0 300 300"[0m[0m[0m[2m,[0m
}
WS message received: {
  [0mtype[2m:[0m [0m[32m[0m[32m"stopAttack"[0m[0m[0m[2m,[0m
}
WS message received: {
  [0mtype[2m:[0m [0m[32m[0m[32m"move"[0m[0m[0m[2m,[0m
  [0mx[2m:[0m [0m[33m363.3748387096775[0m[0m[2m,[0m
  [0my[2m:[0m [0m[33m225.21032258064517[0m[0m[2m,[0m
}
WS move {
  [0mcurrentPlayerId[2m:[0m [0m[32m[0m[32m"536b2e83-2a1a-4b80-b264-d18be01be7c5"[0m[0m[0m[2m,[0m
  [0mx[2m:[0m [0m[33m363.3748387096775[0m[0m[2m,[0m
  [0my[2m:[0m [0m[33m225.21032258064517[0m[0m[2m,[0m
  [0menemyId[2m:[0m [0m[2mundefined[0m[0m[2m,[0m
}
WS message received: {
  [0mtype[2m:[0m [0m[32m[0m[32m"stopAttack"[0m[0m[0m[2m,[0m
}
WS message received: {
  [0mtype[2m:[0m [0m[32m[0m[32m"move"[0m[0m[0m[2m,[0m
  [0menemyId[2m:[0m [0m[33m1[0m[0m[2m,[0m
}
WS move {
  [0mcurrentPlayerId[2m:[0m [0m[32m[0m[32m"536b2e83-2a1a-4b80-b264-d18be01be7c5"[0m[0m[0m[2m,[0m
  [0mx[2m:[0m [0m[2mundefined[0m[0m[2m,[0m
  [0my[2m:[0m [0m[2mundefined[0m[0m[2m,[0m
  [0menemyId[2m:[0m [0m[33m1[0m[0m[2m,[0m
}
WS move towards enemy {
  [0mcurrentPlayerId[2m:[0m [0m[32m[0m[32m"536b2e83-2a1a-4b80-b264-d18be01be7c5"[0m[0m[0m[2m,[0m
  [0menemyId[2m:[0m [0m[33m1[0m[0m[2m,[0m
  [0mplayerPos[2m:[0m {
    [0mx[2m:[0m [0m[33m363.3748387096775[0m[0m[2m,[0m
    [0my[2m:[0m [0m[33m225.21032258064517[0m[0m[2m,[0m
  }[0m[2m,[0m
  [0menemyPos[2m:[0m {
    [0mx[2m:[0m [0m[33m300[0m[0m[2m,[0m
    [0my[2m:[0m [0m[33m300[0m[0m[2m,[0m
  }[0m[2m,[0m
}
WS move: set target {
  [0mtargetX[2m:[0m [0m[33m328.4027198605413[0m[0m[2m,[0m
  [0mtargetY[2m:[0m [0m[33m261.9549747299362[0m[0m[2m,[0m
}
WS message received: {
  [0mtype[2m:[0m [0m[32m[0m[32m"stopAttack"[0m[0m[0m[2m,[0m
}
WS message received: {
  [0mtype[2m:[0m [0m[32m[0m[32m"attack"[0m[0m[0m[2m,[0m
  [0menemyId[2m:[0m [0m[33m1[0m[0m[2m,[0m
}
WS attack {
  [0mcurrentPlayerId[2m:[0m [0m[32m[0m[32m"536b2e83-2a1a-4b80-b264-d18be01be7c5"[0m[0m[0m[2m,[0m
  [0menemyId[2m:[0m [0m[33m1[0m[0m[2m,[0m
  [0menemyIdType[2m:[0m [0m[32m[0m[32m"number"[0m[0m[0m[2m,[0m
}
WS attack handler {
  [0mcurrentPlayerId[2m:[0m [0m[32m[0m[32m"536b2e83-2a1a-4b80-b264-d18be01be7c5"[0m[0m[0m[2m,[0m
  [0menemyId[2m:[0m [0m[33m1[0m[0m[2m,[0m
  [0mhasPlayer[2m:[0m [0m[33mtrue[0m[0m[2m,[0m
  [0mhasEnemy[2m:[0m [0m[33mtrue[0m[0m[2m,[0m
}
performAttack: out of range {
  [0mplayerId[2m:[0m [0m[32m[0m[32m"536b2e83-2a1a-4b80-b264-d18be01be7c5"[0m[0m[0m[2m,[0m
  [0menemyId[2m:[0m [0m[33m1[0m[0m[2m,[0m
  [0mdistance[2m:[0m [0m[33m97.7269017225624[0m[0m[2m,[0m
  [0mattackRange[2m:[0m [0m[33m50[0m[0m[2m,[0m
}
performAttack: out of range {
  [0mplayerId[2m:[0m [0m[32m[0m[32m"536b2e83-2a1a-4b80-b264-d18be01be7c5"[0m[0m[0m[2m,[0m
  [0menemyId[2m:[0m [0m[33m1[0m[0m[2m,[0m
  [0mdistance[2m:[0m [0m[33m87.62690172256238[0m[0m[2m,[0m
  [0mattackRange[2m:[0m [0m[33m50[0m[0m[2m,[0m
}
performAttack: out of range {
  [0mplayerId[2m:[0m [0m[32m[0m[32m"536b2e83-2a1a-4b80-b264-d18be01be7c5"[0m[0m[0m[2m,[0m
  [0menemyId[2m:[0m [0m[33m1[0m[0m[2m,[0m
  [0mdistance[2m:[0m [0m[33m77.6269017225624[0m[0m[2m,[0m
  [0mattackRange[2m:[0m [0m[33m50[0m[0m[2m,[0m
}
performAttack: out of range {
  [0mplayerId[2m:[0m [0m[32m[0m[32m"536b2e83-2a1a-4b80-b264-d18be01be7c5"[0m[0m[0m[2m,[0m
  [0menemyId[2m:[0m [0m[33m1[0m[0m[2m,[0m
  [0mdistance[2m:[0m [0m[33m67.52690172256239[0m[0m[2m,[0m
  [0mattackRange[2m:[0m [0m[33m50[0m[0m[2m,[0m
}
performAttack: out of range {
  [0mplayerId[2m:[0m [0m[32m[0m[32m"536b2e83-2a1a-4b80-b264-d18be01be7c5"[0m[0m[0m[2m,[0m
  [0menemyId[2m:[0m [0m[33m1[0m[0m[2m,[0m
  [0mdistance[2m:[0m [0m[33m57.426901722562356[0m[0m[2m,[0m
  [0mattackRange[2m:[0m [0m[33m50[0m[0m[2m,[0m
}
performAttack: success {
  [0mplayerId[2m:[0m [0m[32m[0m[32m"536b2e83-2a1a-4b80-b264-d18be01be7c5"[0m[0m[0m[2m,[0m
  [0menemyId[2m:[0m [0m[33m1[0m[0m[2m,[0m
  [0mdamage[2m:[0m [0m[33m22[0m[0m[2m,[0m
  [0mdistance[2m:[0m [0m[33m47.32690172256233[0m[0m[2m,[0m
}
WS message received: {
  [0mtype[2m:[0m [0m[32m[0m[32m"stopAttack"[0m[0m[0m[2m,[0m
}
WS message received: {
  [0mtype[2m:[0m [0m[32m[0m[32m"attack"[0m[0m[0m[2m,[0m
  [0menemyId[2m:[0m [0m[33m1[0m[0m[2m,[0m
}
WS attack {
  [0mcurrentPlayerId[2m:[0m [0m[32m[0m[32m"536b2e83-2a1a-4b80-b264-d18be01be7c5"[0m[0m[0m[2m,[0m
  [0menemyId[2m:[0m [0m[33m1[0m[0m[2m,[0m
  [0menemyIdType[2m:[0m [0m[32m[0m[32m"number"[0m[0m[0m[2m,[0m
}
WS attack handler {
  [0mcurrentPlayerId[2m:[0m [0m[32m[0m[32m"536b2e83-2a1a-4b80-b264-d18be01be7c5"[0m[0m[0m[2m,[0m
  [0menemyId[2m:[0m [0m[33m1[0m[0m[2m,[0m
  [0mhasPlayer[2m:[0m [0m[33mtrue[0m[0m[2m,[0m
  [0mhasEnemy[2m:[0m [0m[33mtrue[0m[0m[2m,[0m
}
performAttack: on cooldown {
  [0mplayerId[2m:[0m [0m[32m[0m[32m"536b2e83-2a1a-4b80-b264-d18be01be7c5"[0m[0m[0m[2m,[0m
  [0menemyId[2m:[0m [0m[33m1[0m[0m[2m,[0m
  [0mtimeSinceLastAttack[2m:[0m [0m[33m0.0010001659393310547[0m[0m[2m,[0m
  [0mattackSpeed[2m:[0m [0m[33m1[0m[0m[2m,[0m
}
performAttack: on cooldown {
  [0mplayerId[2m:[0m [0m[32m[0m[32m"536b2e83-2a1a-4b80-b264-d18be01be7c5"[0m[0m[0m[2m,[0m
  [0menemyId[2m:[0m [0m[33m1[0m[0m[2m,[0m
  [0mtimeSinceLastAttack[2m:[0m [0m[33m0.10100007057189941[0m[0m[2m,[0m
  [0mattackSpeed[2m:[0m [0m[33m1[0m[0m[2m,[0m
}
WS message received: {
  [0mtype[2m:[0m [0m[32m[0m[32m"stopAttack"[0m[0m[0m[2m,[0m
}
WS message received: {
  [0mtype[2m:[0m [0m[32m[0m[32m"attack"[0m[0m[0m[2m,[0m
  [0menemyId[2m:[0m [0m[33m1[0m[0m[2m,[0m
}
WS attack {
  [0mcurrentPlayerId[2m:[0m [0m[32m[0m[32m"536b2e83-2a1a-4b80-b264-d18be01be7c5"[0m[0m[0m[2m,[0m
  [0menemyId[2m:[0m [0m[33m1[0m[0m[2m,[0m
  [0menemyIdType[2m:[0m [0m[32m[0m[32m"number"[0m[0m[0m[2m,[0m
}
WS attack handler {
  [0mcurrentPlayerId[2m:[0m [0m[32m[0m[32m"536b2e83-2a1a-4b80-b264-d18be01be7c5"[0m[0m[0m[2m,[0m
  [0menemyId[2m:[0m [0m[33m1[0m[0m[2m,[0m
  [0mhasPlayer[2m:[0m [0m[33mtrue[0m[0m[2m,[0m
  [0mhasEnemy[2m:[0m [0m[33mtrue[0m[0m[2m,[0m
}
performAttack: on cooldown {
  [0mplayerId[2m:[0m [0m[32m[0m[32m"536b2e83-2a1a-4b80-b264-d18be01be7c5"[0m[0m[0m[2m,[0m
  [0menemyId[2m:[0m [0m[33m1[0m[0m[2m,[0m
  [0mtimeSinceLastAttack[2m:[0m [0m[33m0.10199999809265137[0m[0m[2m,[0m
  [0mattackSpeed[2m:[0m [0m[33m1[0m[0m[2m,[0m
}
performAttack: on cooldown {
  [0mplayerId[2m:[0m [0m[32m[0m[32m"536b2e83-2a1a-4b80-b264-d18be01be7c5"[0m[0m[0m[2m,[0m
  [0menemyId[2m:[0m [0m[33m1[0m[0m[2m,[0m
  [0mtimeSinceLastAttack[2m:[0m [0m[33m0.20300006866455078[0m[0m[2m,[0m
  [0mattackSpeed[2m:[0m [0m[33m1[0m[0m[2m,[0m
}
WS message received: {
  [0mtype[2m:[0m [0m[32m[0m[32m"stopAttack"[0m[0m[0m[2m,[0m
}
WS message received: {
  [0mtype[2m:[0m [0m[32m[0m[32m"attack"[0m[0m[0m[2m,[0m
  [0menemyId[2m:[0m [0m[33m1[0m[0m[2m,[0m
}
WS attack {
  [0mcurrentPlayerId[2m:[0m [0m[32m[0m[32m"536b2e83-2a1a-4b80-b264-d18be01be7c5"[0m[0m[0m[2m,[0m
  [0menemyId[2m:[0m [0m[33m1[0m[0m[2m,[0m
  [0menemyIdType[2m:[0m [0m[32m[0m[32m"number"[0m[0m[0m[2m,[0m
}
WS attack handler {
  [0mcurrentPlayerId[2m:[0m [0m[32m[0m[32m"536b2e83-2a1a-4b80-b264-d18be01be7c5"[0m[0m[0m[2m,[0m
  [0menemyId[2m:[0m [0m[33m1[0m[0m[2m,[0m
  [0mhasPlayer[2m:[0m [0m[33mtrue[0m[0m[2m,[0m
  [0mhasEnemy[2m:[0m [0m[33mtrue[0m[0m[2m,[0m
}
performAttack: on cooldown {
  [0mplayerId[2m:[0m [0m[32m[0m[32m"536b2e83-2a1a-4b80-b264-d18be01be7c5"[0m[0m[0m[2m,[0m
  [0menemyId[2m:[0m [0m[33m1[0m[0m[2m,[0m
  [0mtimeSinceLastAttack[2m:[0m [0m[33m0.20399999618530273[0m[0m[2m,[0m
  [0mattackSpeed[2m:[0m [0m[33m1[0m[0m[2m,[0m
}
performAttack: on cooldown {
  [0mplayerId[2m:[0m [0m[32m[0m[32m"536b2e83-2a1a-4b80-b264-d18be01be7c5"[0m[0m[0m[2m,[0m
  [0menemyId[2m:[0m [0m[33m1[0m[0m[2m,[0m
  [0mtimeSinceLastAttack[2m:[0m [0m[33m0.3040001392364502[0m[0m[2m,[0m
  [0mattackSpeed[2m:[0m [0m[33m1[0m[0m[2m,[0m
}
WS message received: {
  [0mtype[2m:[0m [0m[32m[0m[32m"stopAttack"[0m[0m[0m[2m,[0m
}
WS message received: {
  [0mtype[2m:[0m [0m[32m[0m[32m"attack"[0m[0m[0m[2m,[0m
  [0menemyId[2m:[0m [0m[33m1[0m[0m[2m,[0m
}
WS attack {
  [0mcurrentPlayerId[2m:[0m [0m[32m[0m[32m"536b2e83-2a1a-4b80-b264-d18be01be7c5"[0m[0m[0m[2m,[0m
  [0menemyId[2m:[0m [0m[33m1[0m[0m[2m,[0m
  [0menemyIdType[2m:[0m [0m[32m[0m[32m"number"[0m[0m[0m[2m,[0m
}
WS attack handler {
  [0mcurrentPlayerId[2m:[0m [0m[32m[0m[32m"536b2e83-2a1a-4b80-b264-d18be01be7c5"[0m[0m[0m[2m,[0m
  [0menemyId[2m:[0m [0m[33m1[0m[0m[2m,[0m
  [0mhasPlayer[2m:[0m [0m[33mtrue[0m[0m[2m,[0m
  [0mhasEnemy[2m:[0m [0m[33mtrue[0m[0m[2m,[0m
}
performAttack: on cooldown {
  [0mplayerId[2m:[0m [0m[32m[0m[32m"536b2e83-2a1a-4b80-b264-d18be01be7c5"[0m[0m[0m[2m,[0m
  [0menemyId[2m:[0m [0m[33m1[0m[0m[2m,[0m
  [0mtimeSinceLastAttack[2m:[0m [0m[33m0.3059999942779541[0m[0m[2m,[0m
  [0mattackSpeed[2m:[0m [0m[33m1[0m[0m[2m,[0m
}
performAttack: on cooldown {
  [0mplayerId[2m:[0m [0m[32m[0m[32m"536b2e83-2a1a-4b80-b264-d18be01be7c5"[0m[0m[0m[2m,[0m
  [0menemyId[2m:[0m [0m[33m1[0m[0m[2m,[0m
  [0mtimeSinceLastAttack[2m:[0m [0m[33m0.40600013732910156[0m[0m[2m,[0m
  [0mattackSpeed[2m:[0m [0m[33m1[0m[0m[2m,[0m
}
WS message received: {
  [0mtype[2m:[0m [0m[32m[0m[32m"stopAttack"[0m[0m[0m[2m,[0m
}
WS message received: {
  [0mtype[2m:[0m [0m[32m[0m[32m"attack"[0m[0m[0m[2m,[0m
  [0menemyId[2m:[0m [0m[33m1[0m[0m[2m,[0m
}
WS attack {
  [0mcurrentPlayerId[2m:[0m [0m[32m[0m[32m"536b2e83-2a1a-4b80-b264-d18be01be7c5"[0m[0m[0m[2m,[0m
  [0menemyId[2m:[0m [0m[33m1[0m[0m[2m,[0m
  [0menemyIdType[2m:[0m [0m[32m[0m[32m"number"[0m[0m[0m[2m,[0m
}
WS attack handler {
  [0mcurrentPlayerId[2m:[0m [0m[32m[0m[32m"536b2e83-2a1a-4b80-b264-d18be01be7c5"[0m[0m[0m[2m,[0m
  [0menemyId[2m:[0m [0m[33m1[0m[0m[2m,[0m
  [0mhasPlayer[2m:[0m [0m[33mtrue[0m[0m[2m,[0m
  [0mhasEnemy[2m:[0m [0m[33mtrue[0m[0m[2m,[0m
}
performAttack: on cooldown {
  [0mplayerId[2m:[0m [0m[32m[0m[32m"536b2e83-2a1a-4b80-b264-d18be01be7c5"[0m[0m[0m[2m,[0m
  [0menemyId[2m:[0m [0m[33m1[0m[0m[2m,[0m
  [0mtimeSinceLastAttack[2m:[0m [0m[33m0.4070000648498535[0m[0m[2m,[0m
  [0mattackSpeed[2m:[0m [0m[33m1[0m[0m[2m,[0m
}
performAttack: on cooldown {
  [0mplayerId[2m:[0m [0m[32m[0m[32m"536b2e83-2a1a-4b80-b264-d18be01be7c5"[0m[0m[0m[2m,[0m
  [0menemyId[2m:[0m [0m[33m1[0m[0m[2m,[0m
  [0mtimeSinceLastAttack[2m:[0m [0m[33m0.5069999694824219[0m[0m[2m,[0m
  [0mattackSpeed[2m:[0m [0m[33m1[0m[0m[2m,[0m
}
WS message received: {
  [0mtype[2m:[0m [0m[32m[0m[32m"stopAttack"[0m[0m[0m[2m,[0m
}
WS message received: {
  [0mtype[2m:[0m [0m[32m[0m[32m"attack"[0m[0m[0m[2m,[0m
  [0menemyId[2m:[0m [0m[33m1[0m[0m[2m,[0m
}
WS attack {
  [0mcurrentPlayerId[2m:[0m [0m[32m[0m[32m"536b2e83-2a1a-4b80-b264-d18be01be7c5"[0m[0m[0m[2m,[0m
  [0menemyId[2m:[0m [0m[33m1[0m[0m[2m,[0m
  [0menemyIdType[2m:[0m [0m[32m[0m[32m"number"[0m[0m[0m[2m,[0m
}
WS attack handler {
  [0mcurrentPlayerId[2m:[0m [0m[32m[0m[32m"536b2e83-2a1a-4b80-b264-d18be01be7c5"[0m[0m[0m[2m,[0m
  [0menemyId[2m:[0m [0m[33m1[0m[0m[2m,[0m
  [0mhasPlayer[2m:[0m [0m[33mtrue[0m[0m[2m,[0m
  [0mhasEnemy[2m:[0m [0m[33mtrue[0m[0m[2m,[0m
}
performAttack: on cooldown {
  [0mplayerId[2m:[0m [0m[32m[0m[32m"536b2e83-2a1a-4b80-b264-d18be01be7c5"[0m[0m[0m[2m,[0m
  [0menemyId[2m:[0m [0m[33m1[0m[0m[2m,[0m
  [0mtimeSinceLastAttack[2m:[0m [0m[33m0.5080001354217529[0m[0m[2m,[0m
  [0mattackSpeed[2m:[0m [0m[33m1[0m[0m[2m,[0m
}
performAttack: on cooldown {
  [0mplayerId[2m:[0m [0m[32m[0m[32m"536b2e83-2a1a-4b80-b264-d18be01be7c5"[0m[0m[0m[2m,[0m
  [0menemyId[2m:[0m [0m[33m1[0m[0m[2m,[0m
  [0mtimeSinceLastAttack[2m:[0m [0m[33m0.6089999675750732[0m[0m[2m,[0m
  [0mattackSpeed[2m:[0m [0m[33m1[0m[0m[2m,[0m
}
WS message received: {
  [0mtype[2m:[0m [0m[32m[0m[32m"stopAttack"[0m[0m[0m[2m,[0m
}
WS message received: {
  [0mtype[2m:[0m [0m[32m[0m[32m"attack"[0m[0m[0m[2m,[0m
  [0menemyId[2m:[0m [0m[33m1[0m[0m[2m,[0m
}
WS attack {
  [0mcurrentPlayerId[2m:[0m [0m[32m[0m[32m"536b2e83-2a1a-4b80-b264-d18be01be7c5"[0m[0m[0m[2m,[0m
  [0menemyId[2m:[0m [0m[33m1[0m[0m[2m,[0m
  [0menemyIdType[2m:[0m [0m[32m[0m[32m"number"[0m[0m[0m[2m,[0m
}
WS attack handler {
  [0mcurrentPlayerId[2m:[0m [0m[32m[0m[32m"536b2e83-2a1a-4b80-b264-d18be01be7c5"[0m[0m[0m[2m,[0m
  [0menemyId[2m:[0m [0m[33m1[0m[0m[2m,[0m
  [0mhasPlayer[2m:[0m [0m[33mtrue[0m[0m[2m,[0m
  [0mhasEnemy[2m:[0m [0m[33mtrue[0m[0m[2m,[0m
}
performAttack: on cooldown {
  [0mplayerId[2m:[0m [0m[32m[0m[32m"536b2e83-2a1a-4b80-b264-d18be01be7c5"[0m[0m[0m[2m,[0m
  [0menemyId[2m:[0m [0m[33m1[0m[0m[2m,[0m
  [0mtimeSinceLastAttack[2m:[0m [0m[33m0.6100001335144043[0m[0m[2m,[0m
  [0mattackSpeed[2m:[0m [0m[33m1[0m[0m[2m,[0m
}
performAttack: on cooldown {
  [0mplayerId[2m:[0m [0m[32m[0m[32m"536b2e83-2a1a-4b80-b264-d18be01be7c5"[0m[0m[0m[2m,[0m
  [0menemyId[2m:[0m [0m[33m1[0m[0m[2m,[0m
  [0mtimeSinceLastAttack[2m:[0m [0m[33m0.7100000381469727[0m[0m[2m,[0m
  [0mattackSpeed[2m:[0m [0m[33m1[0m[0m[2m,[0m
}
WS message received: {
  [0mtype[2m:[0m [0m[32m[0m[32m"stopAttack"[0m[0m[0m[2m,[0m
}
WS message received: {
  [0mtype[2m:[0m [0m[32m[0m[32m"attack"[0m[0m[0m[2m,[0m
  [0menemyId[2m:[0m [0m[33m1[0m[0m[2m,[0m
}
WS attack {
  [0mcurrentPlayerId[2m:[0m [0m[32m[0m[32m"536b2e83-2a1a-4b80-b264-d18be01be7c5"[0m[0m[0m[2m,[0m
  [0menemyId[2m:[0m [0m[33m1[0m[0m[2m,[0m
  [0menemyIdType[2m:[0m [0m[32m[0m[32m"number"[0m[0m[0m[2m,[0m
}
WS attack handler {
  [0mcurrentPlayerId[2m:[0m [0m[32m[0m[32m"536b2e83-2a1a-4b80-b264-d18be01be7c5"[0m[0m[0m[2m,[0m
  [0menemyId[2m:[0m [0m[33m1[0m[0m[2m,[0m
  [0mhasPlayer[2m:[0m [0m[33mtrue[0m[0m[2m,[0m
  [0mhasEnemy[2m:[0m [0m[33mtrue[0m[0m[2m,[0m
}
performAttack: on cooldown {
  [0mplayerId[2m:[0m [0m[32m[0m[32m"536b2e83-2a1a-4b80-b264-d18be01be7c5"[0m[0m[0m[2m,[0m
  [0menemyId[2m:[0m [0m[33m1[0m[0m[2m,[0m
  [0mtimeSinceLastAttack[2m:[0m [0m[33m0.7109999656677246[0m[0m[2m,[0m
  [0mattackSpeed[2m:[0m [0m[33m1[0m[0m[2m,[0m
}
performAttack: on cooldown {
  [0mplayerId[2m:[0m [0m[32m[0m[32m"536b2e83-2a1a-4b80-b264-d18be01be7c5"[0m[0m[0m[2m,[0m
  [0menemyId[2m:[0m [0m[33m1[0m[0m[2m,[0m
  [0mtimeSinceLastAttack[2m:[0m [0m[33m0.8110001087188721[0m[0m[2m,[0m
  [0mattackSpeed[2m:[0m [0m[33m1[0m[0m[2m,[0m
}
WS message received: {
  [0mtype[2m:[0m [0m[32m[0m[32m"stopAttack"[0m[0m[0m[2m,[0m
}
WS message received: {
  [0mtype[2m:[0m [0m[32m[0m[32m"attack"[0m[0m[0m[2m,[0m
  [0menemyId[2m:[0m [0m[33m1[0m[0m[2m,[0m
}
WS attack {
  [0mcurrentPlayerId[2m:[0m [0m[32m[0m[32m"536b2e83-2a1a-4b80-b264-d18be01be7c5"[0m[0m[0m[2m,[0m
  [0menemyId[2m:[0m [0m[33m1[0m[0m[2m,[0m
  [0menemyIdType[2m:[0m [0m[32m[0m[32m"number"[0m[0m[0m[2m,[0m
}
WS attack handler {
  [0mcurrentPlayerId[2m:[0m [0m[32m[0m[32m"536b2e83-2a1a-4b80-b264-d18be01be7c5"[0m[0m[0m[2m,[0m
  [0menemyId[2m:[0m [0m[33m1[0m[0m[2m,[0m
  [0mhasPlayer[2m:[0m [0m[33mtrue[0m[0m[2m,[0m
  [0mhasEnemy[2m:[0m [0m[33mtrue[0m[0m[2m,[0m
}
performAttack: on cooldown {
  [0mplayerId[2m:[0m [0m[32m[0m[32m"536b2e83-2a1a-4b80-b264-d18be01be7c5"[0m[0m[0m[2m,[0m
  [0menemyId[2m:[0m [0m[33m1[0m[0m[2m,[0m
  [0mtimeSinceLastAttack[2m:[0m [0m[33m0.812999963760376[0m[0m[2m,[0m
  [0mattackSpeed[2m:[0m [0m[33m1[0m[0m[2m,[0m
}
performAttack: on cooldown {
  [0mplayerId[2m:[0m [0m[32m[0m[32m"536b2e83-2a1a-4b80-b264-d18be01be7c5"[0m[0m[0m[2m,[0m
  [0menemyId[2m:[0m [0m[33m1[0m[0m[2m,[0m
  [0mtimeSinceLastAttack[2m:[0m [0m[33m0.9119999408721924[0m[0m[2m,[0m
  [0mattackSpeed[2m:[0m [0m[33m1[0m[0m[2m,[0m
}
WS message received: {
  [0mtype[2m:[0m [0m[32m[0m[32m"stopAttack"[0m[0m[0m[2m,[0m
}
WS message received: {
  [0mtype[2m:[0m [0m[32m[0m[32m"attack"[0m[0m[0m[2m,[0m
  [0menemyId[2m:[0m [0m[33m1[0m[0m[2m,[0m
}
WS attack {
  [0mcurrentPlayerId[2m:[0m [0m[32m[0m[32m"536b2e83-2a1a-4b80-b264-d18be01be7c5"[0m[0m[0m[2m,[0m
  [0menemyId[2m:[0m [0m[33m1[0m[0m[2m,[0m
  [0menemyIdType[2m:[0m [0m[32m[0m[32m"number"[0m[0m[0m[2m,[0m
}
WS attack handler {
  [0mcurrentPlayerId[2m:[0m [0m[32m[0m[32m"536b2e83-2a1a-4b80-b264-d18be01be7c5"[0m[0m[0m[2m,[0m
  [0menemyId[2m:[0m [0m[33m1[0m[0m[2m,[0m
  [0mhasPlayer[2m:[0m [0m[33mtrue[0m[0m[2m,[0m
  [0mhasEnemy[2m:[0m [0m[33mtrue[0m[0m[2m,[0m
}
performAttack: on cooldown {
  [0mplayerId[2m:[0m [0m[32m[0m[32m"536b2e83-2a1a-4b80-b264-d18be01be7c5"[0m[0m[0m[2m,[0m
  [0menemyId[2m:[0m [0m[33m1[0m[0m[2m,[0m
  [0mtimeSinceLastAttack[2m:[0m [0m[33m0.9140000343322754[0m[0m[2m,[0m
  [0mattackSpeed[2m:[0m [0m[33m1[0m[0m[2m,[0m
}
performAttack: success {
  [0mplayerId[2m:[0m [0m[32m[0m[32m"536b2e83-2a1a-4b80-b264-d18be01be7c5"[0m[0m[0m[2m,[0m
  [0menemyId[2m:[0m [0m[33m1[0m[0m[2m,[0m
  [0mdamage[2m:[0m [0m[33m20[0m[0m[2m,[0m
  [0mdistance[2m:[0m [0m[33m46.99999999999999[0m[0m[2m,[0m
}
WS message received: {
  [0mtype[2m:[0m [0m[32m[0m[32m"stopAttack"[0m[0m[0m[2m,[0m
}
WS message received: {
  [0mtype[2m:[0m [0m[32m[0m[32m"attack"[0m[0m[0m[2m,[0m
  [0menemyId[2m:[0m [0m[33m1[0m[0m[2m,[0m
}
WS attack {
  [0mcurrentPlayerId[2m:[0m [0m[32m[0m[32m"536b2e83-2a1a-4b80-b264-d18be01be7c5"[0m[0m[0m[2m,[0m
  [0menemyId[2m:[0m [0m[33m1[0m[0m[2m,[0m
  [0menemyIdType[2m:[0m [0m[32m[0m[32m"number"[0m[0m[0m[2m,[0m
}
WS attack handler {
  [0mcurrentPlayerId[2m:[0m [0m[32m[0m[32m"536b2e83-2a1a-4b80-b264-d18be01be7c5"[0m[0m[0m[2m,[0m
  [0menemyId[2m:[0m [0m[33m1[0m[0m[2m,[0m
  [0mhasPlayer[2m:[0m [0m[33mtrue[0m[0m[2m,[0m
  [0mhasEnemy[2m:[0m [0m[33mtrue[0m[0m[2m,[0m
}
performAttack: on cooldown {
  [0mplayerId[2m:[0m [0m[32m[0m[32m"536b2e83-2a1a-4b80-b264-d18be01be7c5"[0m[0m[0m[2m,[0m
  [0menemyId[2m:[0m [0m[33m1[0m[0m[2m,[0m
  [0mtimeSinceLastAttack[2m:[0m [0m[33m0.0010001659393310547[0m[0m[2m,[0m
  [0mattackSpeed[2m:[0m [0m[33m1[0m[0m[2m,[0m
}
performAttack: on cooldown {
  [0mplayerId[2m:[0m [0m[32m[0m[32m"536b2e83-2a1a-4b80-b264-d18be01be7c5"[0m[0m[0m[2m,[0m
  [0menemyId[2m:[0m [0m[33m1[0m[0m[2m,[0m
  [0mtimeSinceLastAttack[2m:[0m [0m[33m0.10100007057189941[0m[0m[2m,[0m
  [0mattackSpeed[2m:[0m [0m[33m1[0m[0m[2m,[0m
}
WS message received: {
  [0mtype[2m:[0m [0m[32m[0m[32m"stopAttack"[0m[0m[0m[2m,[0m
}
WS message received: {
  [0mtype[2m:[0m [0m[32m[0m[32m"attack"[0m[0m[0m[2m,[0m
  [0menemyId[2m:[0m [0m[33m1[0m[0m[2m,[0m
}
WS attack {
  [0mcurrentPlayerId[2m:[0m [0m[32m[0m[32m"536b2e83-2a1a-4b80-b264-d18be01be7c5"[0m[0m[0m[2m,[0m
  [0menemyId[2m:[0m [0m[33m1[0m[0m[2m,[0m
  [0menemyIdType[2m:[0m [0m[32m[0m[32m"number"[0m[0m[0m[2m,[0m
}
WS attack handler {
  [0mcurrentPlayerId[2m:[0m [0m[32m[0m[32m"536b2e83-2a1a-4b80-b264-d18be01be7c5"[0m[0m[0m[2m,[0m
  [0menemyId[2m:[0m [0m[33m1[0m[0m[2m,[0m
  [0mhasPlayer[2m:[0m [0m[33mtrue[0m[0m[2m,[0m
  [0mhasEnemy[2m:[0m [0m[33mtrue[0m[0m[2m,[0m
}
performAttack: on cooldown {
  [0mplayerId[2m:[0m [0m[32m[0m[32m"536b2e83-2a1a-4b80-b264-d18be01be7c5"[0m[0m[0m[2m,[0m
  [0menemyId[2m:[0m [0m[33m1[0m[0m[2m,[0m
  [0mtimeSinceLastAttack[2m:[0m [0m[33m0.10300016403198242[0m[0m[2m,[0m
  [0mattackSpeed[2m:[0m [0m[33m1[0m[0m[2m,[0m
}
performAttack: on cooldown {
  [0mplayerId[2m:[0m [0m[32m[0m[32m"536b2e83-2a1a-4b80-b264-d18be01be7c5"[0m[0m[0m[2m,[0m
  [0menemyId[2m:[0m [0m[33m1[0m[0m[2m,[0m
  [0mtimeSinceLastAttack[2m:[0m [0m[33m0.20300006866455078[0m[0m[2m,[0m
  [0mattackSpeed[2m:[0m [0m[33m1[0m[0m[2m,[0m
}
WS message received: {
  [0mtype[2m:[0m [0m[32m[0m[32m"stopAttack"[0m[0m[0m[2m,[0m
}
WS message received: {
  [0mtype[2m:[0m [0m[32m[0m[32m"attack"[0m[0m[0m[2m,[0m
  [0menemyId[2m:[0m [0m[33m1[0m[0m[2m,[0m
}
WS attack {
  [0mcurrentPlayerId[2m:[0m [0m[32m[0m[32m"536b2e83-2a1a-4b80-b264-d18be01be7c5"[0m[0m[0m[2m,[0m
  [0menemyId[2m:[0m [0m[33m1[0m[0m[2m,[0m
  [0menemyIdType[2m:[0m [0m[32m[0m[32m"number"[0m[0m[0m[2m,[0m
}
WS attack handler {
  [0mcurrentPlayerId[2m:[0m [0m[32m[0m[32m"536b2e83-2a1a-4b80-b264-d18be01be7c5"[0m[0m[0m[2m,[0m
  [0menemyId[2m:[0m [0m[33m1[0m[0m[2m,[0m
  [0mhasPlayer[2m:[0m [0m[33mtrue[0m[0m[2m,[0m
  [0mhasEnemy[2m:[0m [0m[33mtrue[0m[0m[2m,[0m
}
performAttack: on cooldown {
  [0mplayerId[2m:[0m [0m[32m[0m[32m"536b2e83-2a1a-4b80-b264-d18be01be7c5"[0m[0m[0m[2m,[0m
  [0menemyId[2m:[0m [0m[33m1[0m[0m[2m,[0m
  [0mtimeSinceLastAttack[2m:[0m [0m[33m0.20400023460388184[0m[0m[2m,[0m
  [0mattackSpeed[2m:[0m [0m[33m1[0m[0m[2m,[0m
}
performAttack: on cooldown {
  [0mplayerId[2m:[0m [0m[32m[0m[32m"536b2e83-2a1a-4b80-b264-d18be01be7c5"[0m[0m[0m[2m,[0m
  [0menemyId[2m:[0m [0m[33m1[0m[0m[2m,[0m
  [0mtimeSinceLastAttack[2m:[0m [0m[33m0.3040001392364502[0m[0m[2m,[0m
  [0mattackSpeed[2m:[0m [0m[33m1[0m[0m[2m,[0m
}
WS message received: {
  [0mtype[2m:[0m [0m[32m[0m[32m"stopAttack"[0m[0m[0m[2m,[0m
}
WS message received: {
  [0mtype[2m:[0m [0m[32m[0m[32m"attack"[0m[0m[0m[2m,[0m
  [0menemyId[2m:[0m [0m[33m1[0m[0m[2m,[0m
}
WS attack {
  [0mcurrentPlayerId[2m:[0m [0m[32m[0m[32m"536b2e83-2a1a-4b80-b264-d18be01be7c5"[0m[0m[0m[2m,[0m
  [0menemyId[2m:[0m [0m[33m1[0m[0m[2m,[0m
  [0menemyIdType[2m:[0m [0m[32m[0m[32m"number"[0m[0m[0m[2m,[0m
}
WS attack handler {
  [0mcurrentPlayerId[2m:[0m [0m[32m[0m[32m"536b2e83-2a1a-4b80-b264-d18be01be7c5"[0m[0m[0m[2m,[0m
  [0menemyId[2m:[0m [0m[33m1[0m[0m[2m,[0m
  [0mhasPlayer[2m:[0m [0m[33mtrue[0m[0m[2m,[0m
  [0mhasEnemy[2m:[0m [0m[33mtrue[0m[0m[2m,[0m
}
performAttack: on cooldown {
  [0mplayerId[2m:[0m [0m[32m[0m[32m"536b2e83-2a1a-4b80-b264-d18be01be7c5"[0m[0m[0m[2m,[0m
  [0menemyId[2m:[0m [0m[33m1[0m[0m[2m,[0m
  [0mtimeSinceLastAttack[2m:[0m [0m[33m0.30500006675720215[0m[0m[2m,[0m
  [0mattackSpeed[2m:[0m [0m[33m1[0m[0m[2m,[0m
}
performAttack: on cooldown {
  [0mplayerId[2m:[0m [0m[32m[0m[32m"536b2e83-2a1a-4b80-b264-d18be01be7c5"[0m[0m[0m[2m,[0m
  [0menemyId[2m:[0m [0m[33m1[0m[0m[2m,[0m
  [0mtimeSinceLastAttack[2m:[0m [0m[33m0.40600013732910156[0m[0m[2m,[0m
  [0mattackSpeed[2m:[0m [0m[33m1[0m[0m[2m,[0m
}
WS message received: {
  [0mtype[2m:[0m [0m[32m[0m[32m"stopAttack"[0m[0m[0m[2m,[0m
}
WS message received: {
  [0mtype[2m:[0m [0m[32m[0m[32m"attack"[0m[0m[0m[2m,[0m
  [0menemyId[2m:[0m [0m[33m1[0m[0m[2m,[0m
}
WS attack {
  [0mcurrentPlayerId[2m:[0m [0m[32m[0m[32m"536b2e83-2a1a-4b80-b264-d18be01be7c5"[0m[0m[0m[2m,[0m
  [0menemyId[2m:[0m [0m[33m1[0m[0m[2m,[0m
  [0menemyIdType[2m:[0m [0m[32m[0m[32m"number"[0m[0m[0m[2m,[0m
}
WS attack handler {
  [0mcurrentPlayerId[2m:[0m [0m[32m[0m[32m"536b2e83-2a1a-4b80-b264-d18be01be7c5"[0m[0m[0m[2m,[0m
  [0menemyId[2m:[0m [0m[33m1[0m[0m[2m,[0m
  [0mhasPlayer[2m:[0m [0m[33mtrue[0m[0m[2m,[0m
  [0mhasEnemy[2m:[0m [0m[33mtrue[0m[0m[2m,[0m
}
performAttack: on cooldown {
  [0mplayerId[2m:[0m [0m[32m[0m[32m"536b2e83-2a1a-4b80-b264-d18be01be7c5"[0m[0m[0m[2m,[0m
  [0menemyId[2m:[0m [0m[33m1[0m[0m[2m,[0m
  [0mtimeSinceLastAttack[2m:[0m [0m[33m0.4070000648498535[0m[0m[2m,[0m
  [0mattackSpeed[2m:[0m [0m[33m1[0m[0m[2m,[0m
}
performAttack: on cooldown {
  [0mplayerId[2m:[0m [0m[32m[0m[32m"536b2e83-2a1a-4b80-b264-d18be01be7c5"[0m[0m[0m[2m,[0m
  [0menemyId[2m:[0m [0m[33m1[0m[0m[2m,[0m
  [0mtimeSinceLastAttack[2m:[0m [0m[33m0.507000207901001[0m[0m[2m,[0m
  [0mattackSpeed[2m:[0m [0m[33m1[0m[0m[2m,[0m
}
WS message received: {
  [0mtype[2m:[0m [0m[32m[0m[32m"stopAttack"[0m[0m[0m[2m,[0m
}
WS message received: {
  [0mtype[2m:[0m [0m[32m[0m[32m"attack"[0m[0m[0m[2m,[0m
  [0menemyId[2m:[0m [0m[33m1[0m[0m[2m,[0m
}
WS attack {
  [0mcurrentPlayerId[2m:[0m [0m[32m[0m[32m"536b2e83-2a1a-4b80-b264-d18be01be7c5"[0m[0m[0m[2m,[0m
  [0menemyId[2m:[0m [0m[33m1[0m[0m[2m,[0m
  [0menemyIdType[2m:[0m [0m[32m[0m[32m"number"[0m[0m[0m[2m,[0m
}
WS attack handler {
  [0mcurrentPlayerId[2m:[0m [0m[32m[0m[32m"536b2e83-2a1a-4b80-b264-d18be01be7c5"[0m[0m[0m[2m,[0m
  [0menemyId[2m:[0m [0m[33m1[0m[0m[2m,[0m
  [0mhasPlayer[2m:[0m [0m[33mtrue[0m[0m[2m,[0m
  [0mhasEnemy[2m:[0m [0m[33mtrue[0m[0m[2m,[0m
}
performAttack: on cooldown {
  [0mplayerId[2m:[0m [0m[32m[0m[32m"536b2e83-2a1a-4b80-b264-d18be01be7c5"[0m[0m[0m[2m,[0m
  [0menemyId[2m:[0m [0m[33m1[0m[0m[2m,[0m
  [0mtimeSinceLastAttack[2m:[0m [0m[33m0.5090000629425049[0m[0m[2m,[0m
  [0mattackSpeed[2m:[0m [0m[33m1[0m[0m[2m,[0m
}
performAttack: on cooldown {
  [0mplayerId[2m:[0m [0m[32m[0m[32m"536b2e83-2a1a-4b80-b264-d18be01be7c5"[0m[0m[0m[2m,[0m
  [0menemyId[2m:[0m [0m[33m1[0m[0m[2m,[0m
  [0mtimeSinceLastAttack[2m:[0m [0m[33m0.6090002059936523[0m[0m[2m,[0m
  [0mattackSpeed[2m:[0m [0m[33m1[0m[0m[2m,[0m
}
WS message received: {
  [0mtype[2m:[0m [0m[32m[0m[32m"stopAttack"[0m[0m[0m[2m,[0m
}
WS message received: {
  [0mtype[2m:[0m [0m[32m[0m[32m"attack"[0m[0m[0m[2m,[0m
  [0menemyId[2m:[0m [0m[33m1[0m[0m[2m,[0m
}
WS attack {
  [0mcurrentPlayerId[2m:[0m [0m[32m[0m[32m"536b2e83-2a1a-4b80-b264-d18be01be7c5"[0m[0m[0m[2m,[0m
  [0menemyId[2m:[0m [0m[33m1[0m[0m[2m,[0m
  [0menemyIdType[2m:[0m [0m[32m[0m[32m"number"[0m[0m[0m[2m,[0m
}
WS attack handler {
  [0mcurrentPlayerId[2m:[0m [0m[32m[0m[32m"536b2e83-2a1a-4b80-b264-d18be01be7c5"[0m[0m[0m[2m,[0m
  [0menemyId[2m:[0m [0m[33m1[0m[0m[2m,[0m
  [0mhasPlayer[2m:[0m [0m[33mtrue[0m[0m[2m,[0m
  [0mhasEnemy[2m:[0m [0m[33mtrue[0m[0m[2m,[0m
}
performAttack: on cooldown {
  [0mplayerId[2m:[0m [0m[32m[0m[32m"536b2e83-2a1a-4b80-b264-d18be01be7c5"[0m[0m[0m[2m,[0m
  [0menemyId[2m:[0m [0m[33m1[0m[0m[2m,[0m
  [0mtimeSinceLastAttack[2m:[0m [0m[33m0.6100001335144043[0m[0m[2m,[0m
  [0mattackSpeed[2m:[0m [0m[33m1[0m[0m[2m,[0m
}
performAttack: on cooldown {
  [0mplayerId[2m:[0m [0m[32m[0m[32m"536b2e83-2a1a-4b80-b264-d18be01be7c5"[0m[0m[0m[2m,[0m
  [0menemyId[2m:[0m [0m[33m1[0m[0m[2m,[0m
  [0mtimeSinceLastAttack[2m:[0m [0m[33m0.7110002040863037[0m[0m[2m,[0m
  [0mattackSpeed[2m:[0m [0m[33m1[0m[0m[2m,[0m
}
WS message received: {
  [0mtype[2m:[0m [0m[32m[0m[32m"stopAttack"[0m[0m[0m[2m,[0m
}
WS message received: {
  [0mtype[2m:[0m [0m[32m[0m[32m"attack"[0m[0m[0m[2m,[0m
  [0menemyId[2m:[0m [0m[33m1[0m[0m[2m,[0m
}
WS attack {
  [0mcurrentPlayerId[2m:[0m [0m[32m[0m[32m"536b2e83-2a1a-4b80-b264-d18be01be7c5"[0m[0m[0m[2m,[0m
  [0menemyId[2m:[0m [0m[33m1[0m[0m[2m,[0m
  [0menemyIdType[2m:[0m [0m[32m[0m[32m"number"[0m[0m[0m[2m,[0m
}
WS attack handler {
  [0mcurrentPlayerId[2m:[0m [0m[32m[0m[32m"536b2e83-2a1a-4b80-b264-d18be01be7c5"[0m[0m[0m[2m,[0m
  [0menemyId[2m:[0m [0m[33m1[0m[0m[2m,[0m
  [0mhasPlayer[2m:[0m [0m[33mtrue[0m[0m[2m,[0m
  [0mhasEnemy[2m:[0m [0m[33mtrue[0m[0m[2m,[0m
}
performAttack: on cooldown {
  [0mplayerId[2m:[0m [0m[32m[0m[32m"536b2e83-2a1a-4b80-b264-d18be01be7c5"[0m[0m[0m[2m,[0m
  [0menemyId[2m:[0m [0m[33m1[0m[0m[2m,[0m
  [0mtimeSinceLastAttack[2m:[0m [0m[33m0.7120001316070557[0m[0m[2m,[0m
  [0mattackSpeed[2m:[0m [0m[33m1[0m[0m[2m,[0m
}
performAttack: on cooldown {
  [0mplayerId[2m:[0m [0m[32m[0m[32m"536b2e83-2a1a-4b80-b264-d18be01be7c5"[0m[0m[0m[2m,[0m
  [0menemyId[2m:[0m [0m[33m1[0m[0m[2m,[0m
  [0mtimeSinceLastAttack[2m:[0m [0m[33m0.812000036239624[0m[0m[2m,[0m
  [0mattackSpeed[2m:[0m [0m[33m1[0m[0m[2m,[0m
}
WS message received: {
  [0mtype[2m:[0m [0m[32m[0m[32m"stopAttack"[0m[0m[0m[2m,[0m
}
WS message received: {
  [0mtype[2m:[0m [0m[32m[0m[32m"attack"[0m[0m[0m[2m,[0m
  [0menemyId[2m:[0m [0m[33m1[0m[0m[2m,[0m
}
WS attack {
  [0mcurrentPlayerId[2m:[0m [0m[32m[0m[32m"536b2e83-2a1a-4b80-b264-d18be01be7c5"[0m[0m[0m[2m,[0m
  [0menemyId[2m:[0m [0m[33m1[0m[0m[2m,[0m
  [0menemyIdType[2m:[0m [0m[32m[0m[32m"number"[0m[0m[0m[2m,[0m
}
WS attack handler {
  [0mcurrentPlayerId[2m:[0m [0m[32m[0m[32m"536b2e83-2a1a-4b80-b264-d18be01be7c5"[0m[0m[0m[2m,[0m
  [0menemyId[2m:[0m [0m[33m1[0m[0m[2m,[0m
  [0mhasPlayer[2m:[0m [0m[33mtrue[0m[0m[2m,[0m
  [0mhasEnemy[2m:[0m [0m[33mtrue[0m[0m[2m,[0m
}
performAttack: on cooldown {
  [0mplayerId[2m:[0m [0m[32m[0m[32m"536b2e83-2a1a-4b80-b264-d18be01be7c5"[0m[0m[0m[2m,[0m
  [0menemyId[2m:[0m [0m[33m1[0m[0m[2m,[0m
  [0mtimeSinceLastAttack[2m:[0m [0m[33m0.8130002021789551[0m[0m[2m,[0m
  [0mattackSpeed[2m:[0m [0m[33m1[0m[0m[2m,[0m
}
performAttack: on cooldown {
  [0mplayerId[2m:[0m [0m[32m[0m[32m"536b2e83-2a1a-4b80-b264-d18be01be7c5"[0m[0m[0m[2m,[0m
  [0menemyId[2m:[0m [0m[33m1[0m[0m[2m,[0m
  [0mtimeSinceLastAttack[2m:[0m [0m[33m0.9140000343322754[0m[0m[2m,[0m
  [0mattackSpeed[2m:[0m [0m[33m1[0m[0m[2m,[0m
}
WS message received: {
  [0mtype[2m:[0m [0m[32m[0m[32m"stopAttack"[0m[0m[0m[2m,[0m
}
WS message received: {
  [0mtype[2m:[0m [0m[32m[0m[32m"attack"[0m[0m[0m[2m,[0m
  [0menemyId[2m:[0m [0m[33m1[0m[0m[2m,[0m
}
WS attack {
  [0mcurrentPlayerId[2m:[0m [0m[32m[0m[32m"536b2e83-2a1a-4b80-b264-d18be01be7c5"[0m[0m[0m[2m,[0m
  [0menemyId[2m:[0m [0m[33m1[0m[0m[2m,[0m
  [0menemyIdType[2m:[0m [0m[32m[0m[32m"number"[0m[0m[0m[2m,[0m
}
WS attack handler {
  [0mcurrentPlayerId[2m:[0m [0m[32m[0m[32m"536b2e83-2a1a-4b80-b264-d18be01be7c5"[0m[0m[0m[2m,[0m
  [0menemyId[2m:[0m [0m[33m1[0m[0m[2m,[0m
  [0mhasPlayer[2m:[0m [0m[33mtrue[0m[0m[2m,[0m
  [0mhasEnemy[2m:[0m [0m[33mtrue[0m[0m[2m,[0m
}
performAttack: on cooldown {
  [0mplayerId[2m:[0m [0m[32m[0m[32m"536b2e83-2a1a-4b80-b264-d18be01be7c5"[0m[0m[0m[2m,[0m
  [0menemyId[2m:[0m [0m[33m1[0m[0m[2m,[0m
  [0mtimeSinceLastAttack[2m:[0m [0m[33m0.9150002002716064[0m[0m[2m,[0m
  [0mattackSpeed[2m:[0m [0m[33m1[0m[0m[2m,[0m
}
performAttack: success {
  [0mplayerId[2m:[0m [0m[32m[0m[32m"536b2e83-2a1a-4b80-b264-d18be01be7c5"[0m[0m[0m[2m,[0m
  [0menemyId[2m:[0m [0m[33m1[0m[0m[2m,[0m
  [0mdamage[2m:[0m [0m[33m18[0m[0m[2m,[0m
  [0mdistance[2m:[0m [0m[33m46.99999999999999[0m[0m[2m,[0m
}
WS message received: {
  [0mtype[2m:[0m [0m[32m[0m[32m"stopAttack"[0m[0m[0m[2m,[0m
}
WS message received: {
  [0mtype[2m:[0m [0m[32m[0m[32m"stopAttack"[0m[0m[0m[2m,[0m
}
WS message received: {
  [0mtype[2m:[0m [0m[32m[0m[32m"stopAttack"[0m[0m[0m[2m,[0m
}
WS message received: {
  [0mtype[2m:[0m [0m[32m[0m[32m"attack"[0m[0m[0m[2m,[0m
  [0menemyId[2m:[0m [0m[33m6[0m[0m[2m,[0m
}
WS attack {
  [0mcurrentPlayerId[2m:[0m [0m[32m[0m[32m"536b2e83-2a1a-4b80-b264-d18be01be7c5"[0m[0m[0m[2m,[0m
  [0menemyId[2m:[0m [0m[33m6[0m[0m[2m,[0m
  [0menemyIdType[2m:[0m [0m[32m[0m[32m"number"[0m[0m[0m[2m,[0m
}
WS attack handler {
  [0mcurrentPlayerId[2m:[0m [0m[32m[0m[32m"536b2e83-2a1a-4b80-b264-d18be01be7c5"[0m[0m[0m[2m,[0m
  [0menemyId[2m:[0m [0m[33m6[0m[0m[2m,[0m
  [0mhasPlayer[2m:[0m [0m[33mtrue[0m[0m[2m,[0m
  [0mhasEnemy[2m:[0m [0m[33mtrue[0m[0m[2m,[0m
}
performAttack: success {
  [0mplayerId[2m:[0m [0m[32m[0m[32m"536b2e83-2a1a-4b80-b264-d18be01be7c5"[0m[0m[0m[2m,[0m
  [0menemyId[2m:[0m [0m[33m6[0m[0m[2m,[0m
  [0mdamage[2m:[0m [0m[33m25[0m[0m[2m,[0m
  [0mdistance[2m:[0m [0m[33m46.99999999999999[0m[0m[2m,[0m
}
performAttack: on cooldown {
  [0mplayerId[2m:[0m [0m[32m[0m[32m"536b2e83-2a1a-4b80-b264-d18be01be7c5"[0m[0m[0m[2m,[0m
  [0menemyId[2m:[0m [0m[33m6[0m[0m[2m,[0m
  [0mtimeSinceLastAttack[2m:[0m [0m[33m0.07999992370605469[0m[0m[2m,[0m
  [0mattackSpeed[2m:[0m [0m[33m1[0m[0m[2m,[0m
}
WS message received: {
  [0mtype[2m:[0m [0m[32m[0m[32m"stopAttack"[0m[0m[0m[2m,[0m
}
WS message received: {
  [0mtype[2m:[0m [0m[32m[0m[32m"attack"[0m[0m[0m[2m,[0m
  [0menemyId[2m:[0m [0m[33m6[0m[0m[2m,[0m
}
WS attack {
  [0mcurrentPlayerId[2m:[0m [0m[32m[0m[32m"536b2e83-2a1a-4b80-b264-d18be01be7c5"[0m[0m[0m[2m,[0m
  [0menemyId[2m:[0m [0m[33m6[0m[0m[2m,[0m
  [0menemyIdType[2m:[0m [0m[32m[0m[32m"number"[0m[0m[0m[2m,[0m
}
WS attack handler {
  [0mcurrentPlayerId[2m:[0m [0m[32m[0m[32m"536b2e83-2a1a-4b80-b264-d18be01be7c5"[0m[0m[0m[2m,[0m
  [0menemyId[2m:[0m [0m[33m6[0m[0m[2m,[0m
  [0mhasPlayer[2m:[0m [0m[33mtrue[0m[0m[2m,[0m
  [0mhasEnemy[2m:[0m [0m[33mtrue[0m[0m[2m,[0m
}
performAttack: on cooldown {
  [0mplayerId[2m:[0m [0m[32m[0m[32m"536b2e83-2a1a-4b80-b264-d18be01be7c5"[0m[0m[0m[2m,[0m
  [0menemyId[2m:[0m [0m[33m6[0m[0m[2m,[0m
  [0mtimeSinceLastAttack[2m:[0m [0m[33m0.08100008964538574[0m[0m[2m,[0m
  [0mattackSpeed[2m:[0m [0m[33m1[0m[0m[2m,[0m
}
performAttack: on cooldown {
  [0mplayerId[2m:[0m [0m[32m[0m[32m"536b2e83-2a1a-4b80-b264-d18be01be7c5"[0m[0m[0m[2m,[0m
  [0menemyId[2m:[0m [0m[33m6[0m[0m[2m,[0m
  [0mtimeSinceLastAttack[2m:[0m [0m[33m0.1809999942779541[0m[0m[2m,[0m
  [0mattackSpeed[2m:[0m [0m[33m1[0m[0m[2m,[0m
}
WS message received: {
  [0mtype[2m:[0m [0m[32m[0m[32m"stopAttack"[0m[0m[0m[2m,[0m
}
WS message received: {
  [0mtype[2m:[0m [0m[32m[0m[32m"attack"[0m[0m[0m[2m,[0m
  [0menemyId[2m:[0m [0m[33m6[0m[0m[2m,[0m
}
WS attack {
  [0mcurrentPlayerId[2m:[0m [0m[32m[0m[32m"536b2e83-2a1a-4b80-b264-d18be01be7c5"[0m[0m[0m[2m,[0m
  [0menemyId[2m:[0m [0m[33m6[0m[0m[2m,[0m
  [0menemyIdType[2m:[0m [0m[32m[0m[32m"number"[0m[0m[0m[2m,[0m
}
WS attack handler {
  [0mcurrentPlayerId[2m:[0m [0m[32m[0m[32m"536b2e83-2a1a-4b80-b264-d18be01be7c5"[0m[0m[0m[2m,[0m
  [0menemyId[2m:[0m [0m[33m6[0m[0m[2m,[0m
  [0mhasPlayer[2m:[0m [0m[33mtrue[0m[0m[2m,[0m
  [0mhasEnemy[2m:[0m [0m[33mtrue[0m[0m[2m,[0m
}
performAttack: on cooldown {
  [0mplayerId[2m:[0m [0m[32m[0m[32m"536b2e83-2a1a-4b80-b264-d18be01be7c5"[0m[0m[0m[2m,[0m
  [0menemyId[2m:[0m [0m[33m6[0m[0m[2m,[0m
  [0mtimeSinceLastAttack[2m:[0m [0m[33m0.1830000877380371[0m[0m[2m,[0m
  [0mattackSpeed[2m:[0m [0m[33m1[0m[0m[2m,[0m
}
performAttack: on cooldown {
  [0mplayerId[2m:[0m [0m[32m[0m[32m"536b2e83-2a1a-4b80-b264-d18be01be7c5"[0m[0m[0m[2m,[0m
  [0menemyId[2m:[0m [0m[33m6[0m[0m[2m,[0m
  [0mtimeSinceLastAttack[2m:[0m [0m[33m0.28299999237060547[0m[0m[2m,[0m
  [0mattackSpeed[2m:[0m [0m[33m1[0m[0m[2m,[0m
}
WS message received: {
  [0mtype[2m:[0m [0m[32m[0m[32m"stopAttack"[0m[0m[0m[2m,[0m
}
WS message received: {
  [0mtype[2m:[0m [0m[32m[0m[32m"attack"[0m[0m[0m[2m,[0m
  [0menemyId[2m:[0m [0m[33m6[0m[0m[2m,[0m
}
WS attack {
  [0mcurrentPlayerId[2m:[0m [0m[32m[0m[32m"536b2e83-2a1a-4b80-b264-d18be01be7c5"[0m[0m[0m[2m,[0m
  [0menemyId[2m:[0m [0m[33m6[0m[0m[2m,[0m
  [0menemyIdType[2m:[0m [0m[32m[0m[32m"number"[0m[0m[0m[2m,[0m
}
WS attack handler {
  [0mcurrentPlayerId[2m:[0m [0m[32m[0m[32m"536b2e83-2a1a-4b80-b264-d18be01be7c5"[0m[0m[0m[2m,[0m
  [0menemyId[2m:[0m [0m[33m6[0m[0m[2m,[0m
  [0mhasPlayer[2m:[0m [0m[33mtrue[0m[0m[2m,[0m
  [0mhasEnemy[2m:[0m [0m[33mtrue[0m[0m[2m,[0m
}
performAttack: on cooldown {
  [0mplayerId[2m:[0m [0m[32m[0m[32m"536b2e83-2a1a-4b80-b264-d18be01be7c5"[0m[0m[0m[2m,[0m
  [0menemyId[2m:[0m [0m[33m6[0m[0m[2m,[0m
  [0mtimeSinceLastAttack[2m:[0m [0m[33m0.2839999198913574[0m[0m[2m,[0m
  [0mattackSpeed[2m:[0m [0m[33m1[0m[0m[2m,[0m
}
performAttack: on cooldown {
  [0mplayerId[2m:[0m [0m[32m[0m[32m"536b2e83-2a1a-4b80-b264-d18be01be7c5"[0m[0m[0m[2m,[0m
  [0menemyId[2m:[0m [0m[33m6[0m[0m[2m,[0m
  [0mtimeSinceLastAttack[2m:[0m [0m[33m0.3840000629425049[0m[0m[2m,[0m
  [0mattackSpeed[2m:[0m [0m[33m1[0m[0m[2m,[0m
}
WS message received: {
  [0mtype[2m:[0m [0m[32m[0m[32m"stopAttack"[0m[0m[0m[2m,[0m
}
WS message received: {
  [0mtype[2m:[0m [0m[32m[0m[32m"attack"[0m[0m[0m[2m,[0m
  [0menemyId[2m:[0m [0m[33m6[0m[0m[2m,[0m
}
WS attack {
  [0mcurrentPlayerId[2m:[0m [0m[32m[0m[32m"536b2e83-2a1a-4b80-b264-d18be01be7c5"[0m[0m[0m[2m,[0m
  [0menemyId[2m:[0m [0m[33m6[0m[0m[2m,[0m
  [0menemyIdType[2m:[0m [0m[32m[0m[32m"number"[0m[0m[0m[2m,[0m
}
WS attack handler {
  [0mcurrentPlayerId[2m:[0m [0m[32m[0m[32m"536b2e83-2a1a-4b80-b264-d18be01be7c5"[0m[0m[0m[2m,[0m
  [0menemyId[2m:[0m [0m[33m6[0m[0m[2m,[0m
  [0mhasPlayer[2m:[0m [0m[33mtrue[0m[0m[2m,[0m
  [0mhasEnemy[2m:[0m [0m[33mtrue[0m[0m[2m,[0m
}
performAttack: on cooldown {
  [0mplayerId[2m:[0m [0m[32m[0m[32m"536b2e83-2a1a-4b80-b264-d18be01be7c5"[0m[0m[0m[2m,[0m
  [0menemyId[2m:[0m [0m[33m6[0m[0m[2m,[0m
  [0mtimeSinceLastAttack[2m:[0m [0m[33m0.3859999179840088[0m[0m[2m,[0m
  [0mattackSpeed[2m:[0m [0m[33m1[0m[0m[2m,[0m
}
performAttack: on cooldown {
  [0mplayerId[2m:[0m [0m[32m[0m[32m"536b2e83-2a1a-4b80-b264-d18be01be7c5"[0m[0m[0m[2m,[0m
  [0menemyId[2m:[0m [0m[33m6[0m[0m[2m,[0m
  [0mtimeSinceLastAttack[2m:[0m [0m[33m0.48600006103515625[0m[0m[2m,[0m
  [0mattackSpeed[2m:[0m [0m[33m1[0m[0m[2m,[0m
}
WS message received: {
  [0mtype[2m:[0m [0m[32m[0m[32m"stopAttack"[0m[0m[0m[2m,[0m
}
WS message received: {
  [0mtype[2m:[0m [0m[32m[0m[32m"attack"[0m[0m[0m[2m,[0m
  [0menemyId[2m:[0m [0m[33m6[0m[0m[2m,[0m
}
WS attack {
  [0mcurrentPlayerId[2m:[0m [0m[32m[0m[32m"536b2e83-2a1a-4b80-b264-d18be01be7c5"[0m[0m[0m[2m,[0m
  [0menemyId[2m:[0m [0m[33m6[0m[0m[2m,[0m
  [0menemyIdType[2m:[0m [0m[32m[0m[32m"number"[0m[0m[0m[2m,[0m
}
WS attack handler {
  [0mcurrentPlayerId[2m:[0m [0m[32m[0m[32m"536b2e83-2a1a-4b80-b264-d18be01be7c5"[0m[0m[0m[2m,[0m
  [0menemyId[2m:[0m [0m[33m6[0m[0m[2m,[0m
  [0mhasPlayer[2m:[0m [0m[33mtrue[0m[0m[2m,[0m
  [0mhasEnemy[2m:[0m [0m[33mtrue[0m[0m[2m,[0m
}
performAttack: on cooldown {
  [0mplayerId[2m:[0m [0m[32m[0m[32m"536b2e83-2a1a-4b80-b264-d18be01be7c5"[0m[0m[0m[2m,[0m
  [0menemyId[2m:[0m [0m[33m6[0m[0m[2m,[0m
  [0mtimeSinceLastAttack[2m:[0m [0m[33m0.4869999885559082[0m[0m[2m,[0m
  [0mattackSpeed[2m:[0m [0m[33m1[0m[0m[2m,[0m
}
performAttack: on cooldown {
  [0mplayerId[2m:[0m [0m[32m[0m[32m"536b2e83-2a1a-4b80-b264-d18be01be7c5"[0m[0m[0m[2m,[0m
  [0menemyId[2m:[0m [0m[33m6[0m[0m[2m,[0m
  [0mtimeSinceLastAttack[2m:[0m [0m[33m0.5870001316070557[0m[0m[2m,[0m
  [0mattackSpeed[2m:[0m [0m[33m1[0m[0m[2m,[0m
}
WS message received: {
  [0mtype[2m:[0m [0m[32m[0m[32m"stopAttack"[0m[0m[0m[2m,[0m
}
WS message received: {
  [0mtype[2m:[0m [0m[32m[0m[32m"attack"[0m[0m[0m[2m,[0m
  [0menemyId[2m:[0m [0m[33m6[0m[0m[2m,[0m
}
WS attack {
  [0mcurrentPlayerId[2m:[0m [0m[32m[0m[32m"536b2e83-2a1a-4b80-b264-d18be01be7c5"[0m[0m[0m[2m,[0m
  [0menemyId[2m:[0m [0m[33m6[0m[0m[2m,[0m
  [0menemyIdType[2m:[0m [0m[32m[0m[32m"number"[0m[0m[0m[2m,[0m
}
WS attack handler {
  [0mcurrentPlayerId[2m:[0m [0m[32m[0m[32m"536b2e83-2a1a-4b80-b264-d18be01be7c5"[0m[0m[0m[2m,[0m
  [0menemyId[2m:[0m [0m[33m6[0m[0m[2m,[0m
  [0mhasPlayer[2m:[0m [0m[33mtrue[0m[0m[2m,[0m
  [0mhasEnemy[2m:[0m [0m[33mtrue[0m[0m[2m,[0m
}
performAttack: on cooldown {
  [0mplayerId[2m:[0m [0m[32m[0m[32m"536b2e83-2a1a-4b80-b264-d18be01be7c5"[0m[0m[0m[2m,[0m
  [0menemyId[2m:[0m [0m[33m6[0m[0m[2m,[0m
  [0mtimeSinceLastAttack[2m:[0m [0m[33m0.5880000591278076[0m[0m[2m,[0m
  [0mattackSpeed[2m:[0m [0m[33m1[0m[0m[2m,[0m
}
performAttack: on cooldown {
  [0mplayerId[2m:[0m [0m[32m[0m[32m"536b2e83-2a1a-4b80-b264-d18be01be7c5"[0m[0m[0m[2m,[0m
  [0menemyId[2m:[0m [0m[33m6[0m[0m[2m,[0m
  [0mtimeSinceLastAttack[2m:[0m [0m[33m0.689000129699707[0m[0m[2m,[0m
  [0mattackSpeed[2m:[0m [0m[33m1[0m[0m[2m,[0m
}
WS message received: {
  [0mtype[2m:[0m [0m[32m[0m[32m"stopAttack"[0m[0m[0m[2m,[0m
}
WS message received: {
  [0mtype[2m:[0m [0m[32m[0m[32m"attack"[0m[0m[0m[2m,[0m
  [0menemyId[2m:[0m [0m[33m6[0m[0m[2m,[0m
}
WS attack {
  [0mcurrentPlayerId[2m:[0m [0m[32m[0m[32m"536b2e83-2a1a-4b80-b264-d18be01be7c5"[0m[0m[0m[2m,[0m
  [0menemyId[2m:[0m [0m[33m6[0m[0m[2m,[0m
  [0menemyIdType[2m:[0m [0m[32m[0m[32m"number"[0m[0m[0m[2m,[0m
}
WS attack handler {
  [0mcurrentPlayerId[2m:[0m [0m[32m[0m[32m"536b2e83-2a1a-4b80-b264-d18be01be7c5"[0m[0m[0m[2m,[0m
  [0menemyId[2m:[0m [0m[33m6[0m[0m[2m,[0m
  [0mhasPlayer[2m:[0m [0m[33mtrue[0m[0m[2m,[0m
  [0mhasEnemy[2m:[0m [0m[33mtrue[0m[0m[2m,[0m
}
performAttack: on cooldown {
  [0mplayerId[2m:[0m [0m[32m[0m[32m"536b2e83-2a1a-4b80-b264-d18be01be7c5"[0m[0m[0m[2m,[0m
  [0menemyId[2m:[0m [0m[33m6[0m[0m[2m,[0m
  [0mtimeSinceLastAttack[2m:[0m [0m[33m0.690000057220459[0m[0m[2m,[0m
  [0mattackSpeed[2m:[0m [0m[33m1[0m[0m[2m,[0m
}
performAttack: on cooldown {
  [0mplayerId[2m:[0m [0m[32m[0m[32m"536b2e83-2a1a-4b80-b264-d18be01be7c5"[0m[0m[0m[2m,[0m
  [0menemyId[2m:[0m [0m[33m6[0m[0m[2m,[0m
  [0mtimeSinceLastAttack[2m:[0m [0m[33m0.7910001277923584[0m[0m[2m,[0m
  [0mattackSpeed[2m:[0m [0m[33m1[0m[0m[2m,[0m
}
WS message received: {
  [0mtype[2m:[0m [0m[32m[0m[32m"stopAttack"[0m[0m[0m[2m,[0m
}
WS message received: {
  [0mtype[2m:[0m [0m[32m[0m[32m"attack"[0m[0m[0m[2m,[0m
  [0menemyId[2m:[0m [0m[33m6[0m[0m[2m,[0m
}
WS attack {
  [0mcurrentPlayerId[2m:[0m [0m[32m[0m[32m"536b2e83-2a1a-4b80-b264-d18be01be7c5"[0m[0m[0m[2m,[0m
  [0menemyId[2m:[0m [0m[33m6[0m[0m[2m,[0m
  [0menemyIdType[2m:[0m [0m[32m[0m[32m"number"[0m[0m[0m[2m,[0m
}
WS attack handler {
  [0mcurrentPlayerId[2m:[0m [0m[32m[0m[32m"536b2e83-2a1a-4b80-b264-d18be01be7c5"[0m[0m[0m[2m,[0m
  [0menemyId[2m:[0m [0m[33m6[0m[0m[2m,[0m
  [0mhasPlayer[2m:[0m [0m[33mtrue[0m[0m[2m,[0m
  [0mhasEnemy[2m:[0m [0m[33mtrue[0m[0m[2m,[0m
}
performAttack: on cooldown {
  [0mplayerId[2m:[0m [0m[32m[0m[32m"536b2e83-2a1a-4b80-b264-d18be01be7c5"[0m[0m[0m[2m,[0m
  [0menemyId[2m:[0m [0m[33m6[0m[0m[2m,[0m
  [0mtimeSinceLastAttack[2m:[0m [0m[33m0.7920000553131104[0m[0m[2m,[0m
  [0mattackSpeed[2m:[0m [0m[33m1[0m[0m[2m,[0m
}
performAttack: on cooldown {
  [0mplayerId[2m:[0m [0m[32m[0m[32m"536b2e83-2a1a-4b80-b264-d18be01be7c5"[0m[0m[0m[2m,[0m
  [0menemyId[2m:[0m [0m[33m6[0m[0m[2m,[0m
  [0mtimeSinceLastAttack[2m:[0m [0m[33m0.8919999599456787[0m[0m[2m,[0m
  [0mattackSpeed[2m:[0m [0m[33m1[0m[0m[2m,[0m
}
WS message received: {
  [0mtype[2m:[0m [0m[32m[0m[32m"stopAttack"[0m[0m[0m[2m,[0m
}
WS message received: {
  [0mtype[2m:[0m [0m[32m[0m[32m"attack"[0m[0m[0m[2m,[0m
  [0menemyId[2m:[0m [0m[33m6[0m[0m[2m,[0m
}
WS attack {
  [0mcurrentPlayerId[2m:[0m [0m[32m[0m[32m"536b2e83-2a1a-4b80-b264-d18be01be7c5"[0m[0m[0m[2m,[0m
  [0menemyId[2m:[0m [0m[33m6[0m[0m[2m,[0m
  [0menemyIdType[2m:[0m [0m[32m[0m[32m"number"[0m[0m[0m[2m,[0m
}
WS attack handler {
  [0mcurrentPlayerId[2m:[0m [0m[32m[0m[32m"536b2e83-2a1a-4b80-b264-d18be01be7c5"[0m[0m[0m[2m,[0m
  [0menemyId[2m:[0m [0m[33m6[0m[0m[2m,[0m
  [0mhasPlayer[2m:[0m [0m[33mtrue[0m[0m[2m,[0m
  [0mhasEnemy[2m:[0m [0m[33mtrue[0m[0m[2m,[0m
}
performAttack: on cooldown {
  [0mplayerId[2m:[0m [0m[32m[0m[32m"536b2e83-2a1a-4b80-b264-d18be01be7c5"[0m[0m[0m[2m,[0m
  [0menemyId[2m:[0m [0m[33m6[0m[0m[2m,[0m
  [0mtimeSinceLastAttack[2m:[0m [0m[33m0.8940000534057617[0m[0m[2m,[0m
  [0mattackSpeed[2m:[0m [0m[33m1[0m[0m[2m,[0m
}
performAttack: on cooldown {
  [0mplayerId[2m:[0m [0m[32m[0m[32m"536b2e83-2a1a-4b80-b264-d18be01be7c5"[0m[0m[0m[2m,[0m
  [0menemyId[2m:[0m [0m[33m6[0m[0m[2m,[0m
  [0mtimeSinceLastAttack[2m:[0m [0m[33m0.9930000305175781[0m[0m[2m,[0m
  [0mattackSpeed[2m:[0m [0m[33m1[0m[0m[2m,[0m
}
WS message received: {
  [0mtype[2m:[0m [0m[32m[0m[32m"stopAttack"[0m[0m[0m[2m,[0m
}
WS message received: {
  [0mtype[2m:[0m [0m[32m[0m[32m"attack"[0m[0m[0m[2m,[0m
  [0menemyId[2m:[0m [0m[33m6[0m[0m[2m,[0m
}
WS attack {
  [0mcurrentPlayerId[2m:[0m [0m[32m[0m[32m"536b2e83-2a1a-4b80-b264-d18be01be7c5"[0m[0m[0m[2m,[0m
  [0menemyId[2m:[0m [0m[33m6[0m[0m[2m,[0m
  [0menemyIdType[2m:[0m [0m[32m[0m[32m"number"[0m[0m[0m[2m,[0m
}
WS attack handler {
  [0mcurrentPlayerId[2m:[0m [0m[32m[0m[32m"536b2e83-2a1a-4b80-b264-d18be01be7c5"[0m[0m[0m[2m,[0m
  [0menemyId[2m:[0m [0m[33m6[0m[0m[2m,[0m
  [0mhasPlayer[2m:[0m [0m[33mtrue[0m[0m[2m,[0m
  [0mhasEnemy[2m:[0m [0m[33mtrue[0m[0m[2m,[0m
}
performAttack: on cooldown {
  [0mplayerId[2m:[0m [0m[32m[0m[32m"536b2e83-2a1a-4b80-b264-d18be01be7c5"[0m[0m[0m[2m,[0m
  [0menemyId[2m:[0m [0m[33m6[0m[0m[2m,[0m
  [0mtimeSinceLastAttack[2m:[0m [0m[33m0.9939999580383301[0m[0m[2m,[0m
  [0mattackSpeed[2m:[0m [0m[33m1[0m[0m[2m,[0m
}
performAttack: success {
  [0mplayerId[2m:[0m [0m[32m[0m[32m"536b2e83-2a1a-4b80-b264-d18be01be7c5"[0m[0m[0m[2m,[0m
  [0menemyId[2m:[0m [0m[33m6[0m[0m[2m,[0m
  [0mdamage[2m:[0m [0m[33m25[0m[0m[2m,[0m
  [0mdistance[2m:[0m [0m[33m46.99999999999999[0m[0m[2m,[0m
}
WS message received: {
  [0mtype[2m:[0m [0m[32m[0m[32m"stopAttack"[0m[0m[0m[2m,[0m
}
WS message received: {
  [0mtype[2m:[0m [0m[32m[0m[32m"stopAttack"[0m[0m[0m[2m,[0m
}
WS message received: {
  [0mtype[2m:[0m [0m[32m[0m[32m"move"[0m[0m[0m[2m,[0m
  [0menemyId[2m:[0m [0m[33m4[0m[0m[2m,[0m
}
WS move {
  [0mcurrentPlayerId[2m:[0m [0m[32m[0m[32m"536b2e83-2a1a-4b80-b264-d18be01be7c5"[0m[0m[0m[2m,[0m
  [0mx[2m:[0m [0m[2mundefined[0m[0m[2m,[0m
  [0my[2m:[0m [0m[2mundefined[0m[0m[2m,[0m
  [0menemyId[2m:[0m [0m[33m4[0m[0m[2m,[0m
}
WS move towards enemy {
  [0mcurrentPlayerId[2m:[0m [0m[32m[0m[32m"536b2e83-2a1a-4b80-b264-d18be01be7c5"[0m[0m[0m[2m,[0m
  [0menemyId[2m:[0m [0m[33m4[0m[0m[2m,[0m
  [0mplayerPos[2m:[0m {
    [0mx[2m:[0m [0m[33m328.4027198605413[0m[0m[2m,[0m
    [0my[2m:[0m [0m[33m261.9549747299362[0m[0m[2m,[0m
  }[0m[2m,[0m
  [0menemyPos[2m:[0m {
    [0mx[2m:[0m [0m[33m400[0m[0m[2m,[0m
    [0my[2m:[0m [0m[33m300[0m[0m[2m,[0m
  }[0m[2m,[0m
}
WS move: set target {
  [0mtargetX[2m:[0m [0m[33m354.0233005354056[0m[0m[2m,[0m
  [0mtargetY[2m:[0m [0m[33m274.8586494740965[0m[0m[2m,[0m
}
WS message received: {
  [0mtype[2m:[0m [0m[32m[0m[32m"stopAttack"[0m[0m[0m[2m,[0m
}
WS message received: {
  [0mtype[2m:[0m [0m[32m[0m[32m"attack"[0m[0m[0m[2m,[0m
  [0menemyId[2m:[0m [0m[33m4[0m[0m[2m,[0m
}
WS attack {
  [0mcurrentPlayerId[2m:[0m [0m[32m[0m[32m"536b2e83-2a1a-4b80-b264-d18be01be7c5"[0m[0m[0m[2m,[0m
  [0menemyId[2m:[0m [0m[33m4[0m[0m[2m,[0m
  [0menemyIdType[2m:[0m [0m[32m[0m[32m"number"[0m[0m[0m[2m,[0m
}
WS attack handler {
  [0mcurrentPlayerId[2m:[0m [0m[32m[0m[32m"536b2e83-2a1a-4b80-b264-d18be01be7c5"[0m[0m[0m[2m,[0m
  [0menemyId[2m:[0m [0m[33m4[0m[0m[2m,[0m
  [0mhasPlayer[2m:[0m [0m[33mtrue[0m[0m[2m,[0m
  [0mhasEnemy[2m:[0m [0m[33mtrue[0m[0m[2m,[0m
}
performAttack: out of range {
  [0mplayerId[2m:[0m [0m[32m[0m[32m"536b2e83-2a1a-4b80-b264-d18be01be7c5"[0m[0m[0m[2m,[0m
  [0menemyId[2m:[0m [0m[33m4[0m[0m[2m,[0m
  [0mdistance[2m:[0m [0m[33m75.68656438161094[0m[0m[2m,[0m
  [0mattackRange[2m:[0m [0m[33m50[0m[0m[2m,[0m
}
performAttack: out of range {
  [0mplayerId[2m:[0m [0m[32m[0m[32m"536b2e83-2a1a-4b80-b264-d18be01be7c5"[0m[0m[0m[2m,[0m
  [0menemyId[2m:[0m [0m[33m4[0m[0m[2m,[0m
  [0mdistance[2m:[0m [0m[33m65.58656438161094[0m[0m[2m,[0m
  [0mattackRange[2m:[0m [0m[33m50[0m[0m[2m,[0m
}
performAttack: out of range {
  [0mplayerId[2m:[0m [0m[32m[0m[32m"536b2e83-2a1a-4b80-b264-d18be01be7c5"[0m[0m[0m[2m,[0m
  [0menemyId[2m:[0m [0m[33m4[0m[0m[2m,[0m
  [0mdistance[2m:[0m [0m[33m55.38656438161095[0m[0m[2m,[0m
  [0mattackRange[2m:[0m [0m[33m50[0m[0m[2m,[0m
}
performAttack: success {
  [0mplayerId[2m:[0m [0m[32m[0m[32m"536b2e83-2a1a-4b80-b264-d18be01be7c5"[0m[0m[0m[2m,[0m
  [0menemyId[2m:[0m [0m[33m4[0m[0m[2m,[0m
  [0mdamage[2m:[0m [0m[33m22[0m[0m[2m,[0m
  [0mdistance[2m:[0m [0m[33m46.99999999999998[0m[0m[2m,[0m
}
WS message received: {
  [0mtype[2m:[0m [0m[32m[0m[32m"stopAttack"[0m[0m[0m[2m,[0m
}
WS message received: {
  [0mtype[2m:[0m [0m[32m[0m[32m"attack"[0m[0m[0m[2m,[0m
  [0menemyId[2m:[0m [0m[33m4[0m[0m[2m,[0m
}
WS attack {
  [0mcurrentPlayerId[2m:[0m [0m[32m[0m[32m"536b2e83-2a1a-4b80-b264-d18be01be7c5"[0m[0m[0m[2m,[0m
  [0menemyId[2m:[0m [0m[33m4[0m[0m[2m,[0m
  [0menemyIdType[2m:[0m [0m[32m[0m[32m"number"[0m[0m[0m[2m,[0m
}
WS attack handler {
  [0mcurrentPlayerId[2m:[0m [0m[32m[0m[32m"536b2e83-2a1a-4b80-b264-d18be01be7c5"[0m[0m[0m[2m,[0m
  [0menemyId[2m:[0m [0m[33m4[0m[0m[2m,[0m
  [0mhasPlayer[2m:[0m [0m[33mtrue[0m[0m[2m,[0m
  [0mhasEnemy[2m:[0m [0m[33mtrue[0m[0m[2m,[0m
}
performAttack: on cooldown {
  [0mplayerId[2m:[0m [0m[32m[0m[32m"536b2e83-2a1a-4b80-b264-d18be01be7c5"[0m[0m[0m[2m,[0m
  [0menemyId[2m:[0m [0m[33m4[0m[0m[2m,[0m
  [0mtimeSinceLastAttack[2m:[0m [0m[33m0.0010001659393310547[0m[0m[2m,[0m
  [0mattackSpeed[2m:[0m [0m[33m1[0m[0m[2m,[0m
}
performAttack: on cooldown {
  [0mplayerId[2m:[0m [0m[32m[0m[32m"536b2e83-2a1a-4b80-b264-d18be01be7c5"[0m[0m[0m[2m,[0m
  [0menemyId[2m:[0m [0m[33m4[0m[0m[2m,[0m
  [0mtimeSinceLastAttack[2m:[0m [0m[33m0.10100007057189941[0m[0m[2m,[0m
  [0mattackSpeed[2m:[0m [0m[33m1[0m[0m[2m,[0m
}
WS message received: {
  [0mtype[2m:[0m [0m[32m[0m[32m"stopAttack"[0m[0m[0m[2m,[0m
}
WS message received: {
  [0mtype[2m:[0m [0m[32m[0m[32m"attack"[0m[0m[0m[2m,[0m
  [0menemyId[2m:[0m [0m[33m4[0m[0m[2m,[0m
}
WS attack {
  [0mcurrentPlayerId[2m:[0m [0m[32m[0m[32m"536b2e83-2a1a-4b80-b264-d18be01be7c5"[0m[0m[0m[2m,[0m
  [0menemyId[2m:[0m [0m[33m4[0m[0m[2m,[0m
  [0menemyIdType[2m:[0m [0m[32m[0m[32m"number"[0m[0m[0m[2m,[0m
}
WS attack handler {
  [0mcurrentPlayerId[2m:[0m [0m[32m[0m[32m"536b2e83-2a1a-4b80-b264-d18be01be7c5"[0m[0m[0m[2m,[0m
  [0menemyId[2m:[0m [0m[33m4[0m[0m[2m,[0m
  [0mhasPlayer[2m:[0m [0m[33mtrue[0m[0m[2m,[0m
  [0mhasEnemy[2m:[0m [0m[33mtrue[0m[0m[2m,[0m
}
performAttack: on cooldown {
  [0mplayerId[2m:[0m [0m[32m[0m[32m"536b2e83-2a1a-4b80-b264-d18be01be7c5"[0m[0m[0m[2m,[0m
  [0menemyId[2m:[0m [0m[33m4[0m[0m[2m,[0m
  [0mtimeSinceLastAttack[2m:[0m [0m[33m0.10199999809265137[0m[0m[2m,[0m
  [0mattackSpeed[2m:[0m [0m[33m1[0m[0m[2m,[0m
}
performAttack: on cooldown {
  [0mplayerId[2m:[0m [0m[32m[0m[32m"536b2e83-2a1a-4b80-b264-d18be01be7c5"[0m[0m[0m[2m,[0m
  [0menemyId[2m:[0m [0m[33m4[0m[0m[2m,[0m
  [0mtimeSinceLastAttack[2m:[0m [0m[33m0.20300006866455078[0m[0m[2m,[0m
  [0mattackSpeed[2m:[0m [0m[33m1[0m[0m[2m,[0m
}
WS message received: {
  [0mtype[2m:[0m [0m[32m[0m[32m"stopAttack"[0m[0m[0m[2m,[0m
}
WS message received: {
  [0mtype[2m:[0m [0m[32m[0m[32m"attack"[0m[0m[0m[2m,[0m
  [0menemyId[2m:[0m [0m[33m4[0m[0m[2m,[0m
}
WS attack {
  [0mcurrentPlayerId[2m:[0m [0m[32m[0m[32m"536b2e83-2a1a-4b80-b264-d18be01be7c5"[0m[0m[0m[2m,[0m
  [0menemyId[2m:[0m [0m[33m4[0m[0m[2m,[0m
  [0menemyIdType[2m:[0m [0m[32m[0m[32m"number"[0m[0m[0m[2m,[0m
}
WS attack handler {
  [0mcurrentPlayerId[2m:[0m [0m[32m[0m[32m"536b2e83-2a1a-4b80-b264-d18be01be7c5"[0m[0m[0m[2m,[0m
  [0menemyId[2m:[0m [0m[33m4[0m[0m[2m,[0m
  [0mhasPlayer[2m:[0m [0m[33mtrue[0m[0m[2m,[0m
  [0mhasEnemy[2m:[0m [0m[33mtrue[0m[0m[2m,[0m
}
performAttack: on cooldown {
  [0mplayerId[2m:[0m [0m[32m[0m[32m"536b2e83-2a1a-4b80-b264-d18be01be7c5"[0m[0m[0m[2m,[0m
  [0menemyId[2m:[0m [0m[33m4[0m[0m[2m,[0m
  [0mtimeSinceLastAttack[2m:[0m [0m[33m0.20399999618530273[0m[0m[2m,[0m
  [0mattackSpeed[2m:[0m [0m[33m1[0m[0m[2m,[0m
}
performAttack: on cooldown {
  [0mplayerId[2m:[0m [0m[32m[0m[32m"536b2e83-2a1a-4b80-b264-d18be01be7c5"[0m[0m[0m[2m,[0m
  [0menemyId[2m:[0m [0m[33m4[0m[0m[2m,[0m
  [0mtimeSinceLastAttack[2m:[0m [0m[33m0.3040001392364502[0m[0m[2m,[0m
  [0mattackSpeed[2m:[0m [0m[33m1[0m[0m[2m,[0m
}
WS message received: {
  [0mtype[2m:[0m [0m[32m[0m[32m"stopAttack"[0m[0m[0m[2m,[0m
}
WS message received: {
  [0mtype[2m:[0m [0m[32m[0m[32m"attack"[0m[0m[0m[2m,[0m
  [0menemyId[2m:[0m [0m[33m4[0m[0m[2m,[0m
}
WS attack {
  [0mcurrentPlayerId[2m:[0m [0m[32m[0m[32m"536b2e83-2a1a-4b80-b264-d18be01be7c5"[0m[0m[0m[2m,[0m
  [0menemyId[2m:[0m [0m[33m4[0m[0m[2m,[0m
  [0menemyIdType[2m:[0m [0m[32m[0m[32m"number"[0m[0m[0m[2m,[0m
}
WS attack handler {
  [0mcurrentPlayerId[2m:[0m [0m[32m[0m[32m"536b2e83-2a1a-4b80-b264-d18be01be7c5"[0m[0m[0m[2m,[0m
  [0menemyId[2m:[0m [0m[33m4[0m[0m[2m,[0m
  [0mhasPlayer[2m:[0m [0m[33mtrue[0m[0m[2m,[0m
  [0mhasEnemy[2m:[0m [0m[33mtrue[0m[0m[2m,[0m
}
performAttack: on cooldown {
  [0mplayerId[2m:[0m [0m[32m[0m[32m"536b2e83-2a1a-4b80-b264-d18be01be7c5"[0m[0m[0m[2m,[0m
  [0menemyId[2m:[0m [0m[33m4[0m[0m[2m,[0m
  [0mtimeSinceLastAttack[2m:[0m [0m[33m0.3059999942779541[0m[0m[2m,[0m
  [0mattackSpeed[2m:[0m [0m[33m1[0m[0m[2m,[0m
}
performAttack: on cooldown {
  [0mplayerId[2m:[0m [0m[32m[0m[32m"536b2e83-2a1a-4b80-b264-d18be01be7c5"[0m[0m[0m[2m,[0m
  [0menemyId[2m:[0m [0m[33m4[0m[0m[2m,[0m
  [0mtimeSinceLastAttack[2m:[0m [0m[33m0.40600013732910156[0m[0m[2m,[0m
  [0mattackSpeed[2m:[0m [0m[33m1[0m[0m[2m,[0m
}
WS message received: {
  [0mtype[2m:[0m [0m[32m[0m[32m"stopAttack"[0m[0m[0m[2m,[0m
}
WS message received: {
  [0mtype[2m:[0m [0m[32m[0m[32m"attack"[0m[0m[0m[2m,[0m
  [0menemyId[2m:[0m [0m[33m4[0m[0m[2m,[0m
}
WS attack {
  [0mcurrentPlayerId[2m:[0m [0m[32m[0m[32m"536b2e83-2a1a-4b80-b264-d18be01be7c5"[0m[0m[0m[2m,[0m
  [0menemyId[2m:[0m [0m[33m4[0m[0m[2m,[0m
  [0menemyIdType[2m:[0m [0m[32m[0m[32m"number"[0m[0m[0m[2m,[0m
}
WS attack handler {
  [0mcurrentPlayerId[2m:[0m [0m[32m[0m[32m"536b2e83-2a1a-4b80-b264-d18be01be7c5"[0m[0m[0m[2m,[0m
  [0menemyId[2m:[0m [0m[33m4[0m[0m[2m,[0m
  [0mhasPlayer[2m:[0m [0m[33mtrue[0m[0m[2m,[0m
  [0mhasEnemy[2m:[0m [0m[33mtrue[0m[0m[2m,[0m
}
performAttack: on cooldown {
  [0mplayerId[2m:[0m [0m[32m[0m[32m"536b2e83-2a1a-4b80-b264-d18be01be7c5"[0m[0m[0m[2m,[0m
  [0menemyId[2m:[0m [0m[33m4[0m[0m[2m,[0m
  [0mtimeSinceLastAttack[2m:[0m [0m[33m0.4070000648498535[0m[0m[2m,[0m
  [0mattackSpeed[2m:[0m [0m[33m1[0m[0m[2m,[0m
}
performAttack: on cooldown {
  [0mplayerId[2m:[0m [0m[32m[0m[32m"536b2e83-2a1a-4b80-b264-d18be01be7c5"[0m[0m[0m[2m,[0m
  [0menemyId[2m:[0m [0m[33m4[0m[0m[2m,[0m
  [0mtimeSinceLastAttack[2m:[0m [0m[33m0.507000207901001[0m[0m[2m,[0m
  [0mattackSpeed[2m:[0m [0m[33m1[0m[0m[2m,[0m
}
WS message received: {
  [0mtype[2m:[0m [0m[32m[0m[32m"stopAttack"[0m[0m[0m[2m,[0m
}
WS message received: {
  [0mtype[2m:[0m [0m[32m[0m[32m"attack"[0m[0m[0m[2m,[0m
  [0menemyId[2m:[0m [0m[33m4[0m[0m[2m,[0m
}
WS attack {
  [0mcurrentPlayerId[2m:[0m [0m[32m[0m[32m"536b2e83-2a1a-4b80-b264-d18be01be7c5"[0m[0m[0m[2m,[0m
  [0menemyId[2m:[0m [0m[33m4[0m[0m[2m,[0m
  [0menemyIdType[2m:[0m [0m[32m[0m[32m"number"[0m[0m[0m[2m,[0m
}
WS attack handler {
  [0mcurrentPlayerId[2m:[0m [0m[32m[0m[32m"536b2e83-2a1a-4b80-b264-d18be01be7c5"[0m[0m[0m[2m,[0m
  [0menemyId[2m:[0m [0m[33m4[0m[0m[2m,[0m
  [0mhasPlayer[2m:[0m [0m[33mtrue[0m[0m[2m,[0m
  [0mhasEnemy[2m:[0m [0m[33mtrue[0m[0m[2m,[0m
}
performAttack: on cooldown {
  [0mplayerId[2m:[0m [0m[32m[0m[32m"536b2e83-2a1a-4b80-b264-d18be01be7c5"[0m[0m[0m[2m,[0m
  [0menemyId[2m:[0m [0m[33m4[0m[0m[2m,[0m
  [0mtimeSinceLastAttack[2m:[0m [0m[33m0.5080001354217529[0m[0m[2m,[0m
  [0mattackSpeed[2m:[0m [0m[33m1[0m[0m[2m,[0m
}
performAttack: on cooldown {
  [0mplayerId[2m:[0m [0m[32m[0m[32m"536b2e83-2a1a-4b80-b264-d18be01be7c5"[0m[0m[0m[2m,[0m
  [0menemyId[2m:[0m [0m[33m4[0m[0m[2m,[0m
  [0mtimeSinceLastAttack[2m:[0m [0m[33m0.6070001125335693[0m[0m[2m,[0m
  [0mattackSpeed[2m:[0m [0m[33m1[0m[0m[2m,[0m
}
WS message received: {
  [0mtype[2m:[0m [0m[32m[0m[32m"stopAttack"[0m[0m[0m[2m,[0m
}
WS message received: {
  [0mtype[2m:[0m [0m[32m[0m[32m"attack"[0m[0m[0m[2m,[0m
  [0menemyId[2m:[0m [0m[33m4[0m[0m[2m,[0m
}
WS attack {
  [0mcurrentPlayerId[2m:[0m [0m[32m[0m[32m"536b2e83-2a1a-4b80-b264-d18be01be7c5"[0m[0m[0m[2m,[0m
  [0menemyId[2m:[0m [0m[33m4[0m[0m[2m,[0m
  [0menemyIdType[2m:[0m [0m[32m[0m[32m"number"[0m[0m[0m[2m,[0m
}
WS attack handler {
  [0mcurrentPlayerId[2m:[0m [0m[32m[0m[32m"536b2e83-2a1a-4b80-b264-d18be01be7c5"[0m[0m[0m[2m,[0m
  [0menemyId[2m:[0m [0m[33m4[0m[0m[2m,[0m
  [0mhasPlayer[2m:[0m [0m[33mtrue[0m[0m[2m,[0m
  [0mhasEnemy[2m:[0m [0m[33mtrue[0m[0m[2m,[0m
}
performAttack: on cooldown {
  [0mplayerId[2m:[0m [0m[32m[0m[32m"536b2e83-2a1a-4b80-b264-d18be01be7c5"[0m[0m[0m[2m,[0m
  [0menemyId[2m:[0m [0m[33m4[0m[0m[2m,[0m
  [0mtimeSinceLastAttack[2m:[0m [0m[33m0.6080000400543213[0m[0m[2m,[0m
  [0mattackSpeed[2m:[0m [0m[33m1[0m[0m[2m,[0m
}
performAttack: on cooldown {
  [0mplayerId[2m:[0m [0m[32m[0m[32m"536b2e83-2a1a-4b80-b264-d18be01be7c5"[0m[0m[0m[2m,[0m
  [0menemyId[2m:[0m [0m[33m4[0m[0m[2m,[0m
  [0mtimeSinceLastAttack[2m:[0m [0m[33m0.7070000171661377[0m[0m[2m,[0m
  [0mattackSpeed[2m:[0m [0m[33m1[0m[0m[2m,[0m
}
WS message received: {
  [0mtype[2m:[0m [0m[32m[0m[32m"stopAttack"[0m[0m[0m[2m,[0m
}
WS message received: {
  [0mtype[2m:[0m [0m[32m[0m[32m"attack"[0m[0m[0m[2m,[0m
  [0menemyId[2m:[0m [0m[33m4[0m[0m[2m,[0m
}
WS attack {
  [0mcurrentPlayerId[2m:[0m [0m[32m[0m[32m"536b2e83-2a1a-4b80-b264-d18be01be7c5"[0m[0m[0m[2m,[0m
  [0menemyId[2m:[0m [0m[33m4[0m[0m[2m,[0m
  [0menemyIdType[2m:[0m [0m[32m[0m[32m"number"[0m[0m[0m[2m,[0m
}
WS attack handler {
  [0mcurrentPlayerId[2m:[0m [0m[32m[0m[32m"536b2e83-2a1a-4b80-b264-d18be01be7c5"[0m[0m[0m[2m,[0m
  [0menemyId[2m:[0m [0m[33m4[0m[0m[2m,[0m
  [0mhasPlayer[2m:[0m [0m[33mtrue[0m[0m[2m,[0m
  [0mhasEnemy[2m:[0m [0m[33mtrue[0m[0m[2m,[0m
}
performAttack: on cooldown {
  [0mplayerId[2m:[0m [0m[32m[0m[32m"536b2e83-2a1a-4b80-b264-d18be01be7c5"[0m[0m[0m[2m,[0m
  [0menemyId[2m:[0m [0m[33m4[0m[0m[2m,[0m
  [0mtimeSinceLastAttack[2m:[0m [0m[33m0.7080001831054688[0m[0m[2m,[0m
  [0mattackSpeed[2m:[0m [0m[33m1[0m[0m[2m,[0m
}
performAttack: on cooldown {
  [0mplayerId[2m:[0m [0m[32m[0m[32m"536b2e83-2a1a-4b80-b264-d18be01be7c5"[0m[0m[0m[2m,[0m
  [0menemyId[2m:[0m [0m[33m4[0m[0m[2m,[0m
  [0mtimeSinceLastAttack[2m:[0m [0m[33m0.8080000877380371[0m[0m[2m,[0m
  [0mattackSpeed[2m:[0m [0m[33m1[0m[0m[2m,[0m
}
WS message received: {
  [0mtype[2m:[0m [0m[32m[0m[32m"stopAttack"[0m[0m[0m[2m,[0m
}
WS message received: {
  [0mtype[2m:[0m [0m[32m[0m[32m"attack"[0m[0m[0m[2m,[0m
  [0menemyId[2m:[0m [0m[33m4[0m[0m[2m,[0m
}
WS attack {
  [0mcurrentPlayerId[2m:[0m [0m[32m[0m[32m"536b2e83-2a1a-4b80-b264-d18be01be7c5"[0m[0m[0m[2m,[0m
  [0menemyId[2m:[0m [0m[33m4[0m[0m[2m,[0m
  [0menemyIdType[2m:[0m [0m[32m[0m[32m"number"[0m[0m[0m[2m,[0m
}
WS attack handler {
  [0mcurrentPlayerId[2m:[0m [0m[32m[0m[32m"536b2e83-2a1a-4b80-b264-d18be01be7c5"[0m[0m[0m[2m,[0m
  [0menemyId[2m:[0m [0m[33m4[0m[0m[2m,[0m
  [0mhasPlayer[2m:[0m [0m[33mtrue[0m[0m[2m,[0m
  [0mhasEnemy[2m:[0m [0m[33mtrue[0m[0m[2m,[0m
}
performAttack: on cooldown {
  [0mplayerId[2m:[0m [0m[32m[0m[32m"536b2e83-2a1a-4b80-b264-d18be01be7c5"[0m[0m[0m[2m,[0m
  [0menemyId[2m:[0m [0m[33m4[0m[0m[2m,[0m
  [0mtimeSinceLastAttack[2m:[0m [0m[33m0.8100001811981201[0m[0m[2m,[0m
  [0mattackSpeed[2m:[0m [0m[33m1[0m[0m[2m,[0m
}
performAttack: on cooldown {
  [0mplayerId[2m:[0m [0m[32m[0m[32m"536b2e83-2a1a-4b80-b264-d18be01be7c5"[0m[0m[0m[2m,[0m
  [0menemyId[2m:[0m [0m[33m4[0m[0m[2m,[0m
  [0mtimeSinceLastAttack[2m:[0m [0m[33m0.9090001583099365[0m[0m[2m,[0m
  [0mattackSpeed[2m:[0m [0m[33m1[0m[0m[2m,[0m
}
WS message received: {
  [0mtype[2m:[0m [0m[32m[0m[32m"stopAttack"[0m[0m[0m[2m,[0m
}
WS message received: {
  [0mtype[2m:[0m [0m[32m[0m[32m"attack"[0m[0m[0m[2m,[0m
  [0menemyId[2m:[0m [0m[33m4[0m[0m[2m,[0m
}
WS attack {
  [0mcurrentPlayerId[2m:[0m [0m[32m[0m[32m"536b2e83-2a1a-4b80-b264-d18be01be7c5"[0m[0m[0m[2m,[0m
  [0menemyId[2m:[0m [0m[33m4[0m[0m[2m,[0m
  [0menemyIdType[2m:[0m [0m[32m[0m[32m"number"[0m[0m[0m[2m,[0m
}
WS attack handler {
  [0mcurrentPlayerId[2m:[0m [0m[32m[0m[32m"536b2e83-2a1a-4b80-b264-d18be01be7c5"[0m[0m[0m[2m,[0m
  [0menemyId[2m:[0m [0m[33m4[0m[0m[2m,[0m
  [0mhasPlayer[2m:[0m [0m[33mtrue[0m[0m[2m,[0m
  [0mhasEnemy[2m:[0m [0m[33mtrue[0m[0m[2m,[0m
}
performAttack: on cooldown {
  [0mplayerId[2m:[0m [0m[32m[0m[32m"536b2e83-2a1a-4b80-b264-d18be01be7c5"[0m[0m[0m[2m,[0m
  [0menemyId[2m:[0m [0m[33m4[0m[0m[2m,[0m
  [0mtimeSinceLastAttack[2m:[0m [0m[33m0.9110000133514404[0m[0m[2m,[0m
  [0mattackSpeed[2m:[0m [0m[33m1[0m[0m[2m,[0m
}
performAttack: success {
  [0mplayerId[2m:[0m [0m[32m[0m[32m"536b2e83-2a1a-4b80-b264-d18be01be7c5"[0m[0m[0m[2m,[0m
  [0menemyId[2m:[0m [0m[33m4[0m[0m[2m,[0m
  [0mdamage[2m:[0m [0m[33m22[0m[0m[2m,[0m
  [0mdistance[2m:[0m [0m[33m46.99999999999998[0m[0m[2m,[0m
}
WS message received: {
  [0mtype[2m:[0m [0m[32m[0m[32m"stopAttack"[0m[0m[0m[2m,[0m
}
WS message received: {
  [0mtype[2m:[0m [0m[32m[0m[32m"attack"[0m[0m[0m[2m,[0m
  [0menemyId[2m:[0m [0m[33m4[0m[0m[2m,[0m
}
WS attack {
  [0mcurrentPlayerId[2m:[0m [0m[32m[0m[32m"536b2e83-2a1a-4b80-b264-d18be01be7c5"[0m[0m[0m[2m,[0m
  [0menemyId[2m:[0m [0m[33m4[0m[0m[2m,[0m
  [0menemyIdType[2m:[0m [0m[32m[0m[32m"number"[0m[0m[0m[2m,[0m
}
WS attack handler {
  [0mcurrentPlayerId[2m:[0m [0m[32m[0m[32m"536b2e83-2a1a-4b80-b264-d18be01be7c5"[0m[0m[0m[2m,[0m
  [0menemyId[2m:[0m [0m[33m4[0m[0m[2m,[0m
  [0mhasPlayer[2m:[0m [0m[33mtrue[0m[0m[2m,[0m
  [0mhasEnemy[2m:[0m [0m[33mtrue[0m[0m[2m,[0m
}
performAttack: on cooldown {
  [0mplayerId[2m:[0m [0m[32m[0m[32m"536b2e83-2a1a-4b80-b264-d18be01be7c5"[0m[0m[0m[2m,[0m
  [0menemyId[2m:[0m [0m[33m4[0m[0m[2m,[0m
  [0mtimeSinceLastAttack[2m:[0m [0m[33m0.0009999275207519531[0m[0m[2m,[0m
  [0mattackSpeed[2m:[0m [0m[33m1[0m[0m[2m,[0m
}
performAttack: on cooldown {
  [0mplayerId[2m:[0m [0m[32m[0m[32m"536b2e83-2a1a-4b80-b264-d18be01be7c5"[0m[0m[0m[2m,[0m
  [0menemyId[2m:[0m [0m[33m4[0m[0m[2m,[0m
  [0mtimeSinceLastAttack[2m:[0m [0m[33m0.10099983215332031[0m[0m[2m,[0m
  [0mattackSpeed[2m:[0m [0m[33m1[0m[0m[2m,[0m
}
WS message received: {
  [0mtype[2m:[0m [0m[32m[0m[32m"stopAttack"[0m[0m[0m[2m,[0m
}
WS message received: {
  [0mtype[2m:[0m [0m[32m[0m[32m"attack"[0m[0m[0m[2m,[0m
  [0menemyId[2m:[0m [0m[33m4[0m[0m[2m,[0m
}
WS attack {
  [0mcurrentPlayerId[2m:[0m [0m[32m[0m[32m"536b2e83-2a1a-4b80-b264-d18be01be7c5"[0m[0m[0m[2m,[0m
  [0menemyId[2m:[0m [0m[33m4[0m[0m[2m,[0m
  [0menemyIdType[2m:[0m [0m[32m[0m[32m"number"[0m[0m[0m[2m,[0m
}
WS attack handler {
  [0mcurrentPlayerId[2m:[0m [0m[32m[0m[32m"536b2e83-2a1a-4b80-b264-d18be01be7c5"[0m[0m[0m[2m,[0m
  [0menemyId[2m:[0m [0m[33m4[0m[0m[2m,[0m
  [0mhasPlayer[2m:[0m [0m[33mtrue[0m[0m[2m,[0m
  [0mhasEnemy[2m:[0m [0m[33mtrue[0m[0m[2m,[0m
}
performAttack: on cooldown {
  [0mplayerId[2m:[0m [0m[32m[0m[32m"536b2e83-2a1a-4b80-b264-d18be01be7c5"[0m[0m[0m[2m,[0m
  [0menemyId[2m:[0m [0m[33m4[0m[0m[2m,[0m
  [0mtimeSinceLastAttack[2m:[0m [0m[33m0.10199999809265137[0m[0m[2m,[0m
  [0mattackSpeed[2m:[0m [0m[33m1[0m[0m[2m,[0m
}
performAttack: on cooldown {
  [0mplayerId[2m:[0m [0m[32m[0m[32m"536b2e83-2a1a-4b80-b264-d18be01be7c5"[0m[0m[0m[2m,[0m
  [0menemyId[2m:[0m [0m[33m4[0m[0m[2m,[0m
  [0mtimeSinceLastAttack[2m:[0m [0m[33m0.20099997520446777[0m[0m[2m,[0m
  [0mattackSpeed[2m:[0m [0m[33m1[0m[0m[2m,[0m
}
WS message received: {
  [0mtype[2m:[0m [0m[32m[0m[32m"stopAttack"[0m[0m[0m[2m,[0m
}
WS message received: {
  [0mtype[2m:[0m [0m[32m[0m[32m"attack"[0m[0m[0m[2m,[0m
  [0menemyId[2m:[0m [0m[33m4[0m[0m[2m,[0m
}
WS attack {
  [0mcurrentPlayerId[2m:[0m [0m[32m[0m[32m"536b2e83-2a1a-4b80-b264-d18be01be7c5"[0m[0m[0m[2m,[0m
  [0menemyId[2m:[0m [0m[33m4[0m[0m[2m,[0m
  [0menemyIdType[2m:[0m [0m[32m[0m[32m"number"[0m[0m[0m[2m,[0m
}
WS attack handler {
  [0mcurrentPlayerId[2m:[0m [0m[32m[0m[32m"536b2e83-2a1a-4b80-b264-d18be01be7c5"[0m[0m[0m[2m,[0m
  [0menemyId[2m:[0m [0m[33m4[0m[0m[2m,[0m
  [0mhasPlayer[2m:[0m [0m[33mtrue[0m[0m[2m,[0m
  [0mhasEnemy[2m:[0m [0m[33mtrue[0m[0m[2m,[0m
}
performAttack: on cooldown {
  [0mplayerId[2m:[0m [0m[32m[0m[32m"536b2e83-2a1a-4b80-b264-d18be01be7c5"[0m[0m[0m[2m,[0m
  [0menemyId[2m:[0m [0m[33m4[0m[0m[2m,[0m
  [0mtimeSinceLastAttack[2m:[0m [0m[33m0.20199990272521973[0m[0m[2m,[0m
  [0mattackSpeed[2m:[0m [0m[33m1[0m[0m[2m,[0m
}
performAttack: on cooldown {
  [0mplayerId[2m:[0m [0m[32m[0m[32m"536b2e83-2a1a-4b80-b264-d18be01be7c5"[0m[0m[0m[2m,[0m
  [0menemyId[2m:[0m [0m[33m4[0m[0m[2m,[0m
  [0mtimeSinceLastAttack[2m:[0m [0m[33m0.30299997329711914[0m[0m[2m,[0m
  [0mattackSpeed[2m:[0m [0m[33m1[0m[0m[2m,[0m
}
WS message received: {
  [0mtype[2m:[0m [0m[32m[0m[32m"stopAttack"[0m[0m[0m[2m,[0m
}
WS message received: {
  [0mtype[2m:[0m [0m[32m[0m[32m"attack"[0m[0m[0m[2m,[0m
  [0menemyId[2m:[0m [0m[33m4[0m[0m[2m,[0m
}
WS attack {
  [0mcurrentPlayerId[2m:[0m [0m[32m[0m[32m"536b2e83-2a1a-4b80-b264-d18be01be7c5"[0m[0m[0m[2m,[0m
  [0menemyId[2m:[0m [0m[33m4[0m[0m[2m,[0m
  [0menemyIdType[2m:[0m [0m[32m[0m[32m"number"[0m[0m[0m[2m,[0m
}
WS attack handler {
  [0mcurrentPlayerId[2m:[0m [0m[32m[0m[32m"536b2e83-2a1a-4b80-b264-d18be01be7c5"[0m[0m[0m[2m,[0m
  [0menemyId[2m:[0m [0m[33m4[0m[0m[2m,[0m
  [0mhasPlayer[2m:[0m [0m[33mtrue[0m[0m[2m,[0m
  [0mhasEnemy[2m:[0m [0m[33mtrue[0m[0m[2m,[0m
}
performAttack: on cooldown {
  [0mplayerId[2m:[0m [0m[32m[0m[32m"536b2e83-2a1a-4b80-b264-d18be01be7c5"[0m[0m[0m[2m,[0m
  [0menemyId[2m:[0m [0m[33m4[0m[0m[2m,[0m
  [0mtimeSinceLastAttack[2m:[0m [0m[33m0.3039999008178711[0m[0m[2m,[0m
  [0mattackSpeed[2m:[0m [0m[33m1[0m[0m[2m,[0m
}
performAttack: on cooldown {
  [0mplayerId[2m:[0m [0m[32m[0m[32m"536b2e83-2a1a-4b80-b264-d18be01be7c5"[0m[0m[0m[2m,[0m
  [0menemyId[2m:[0m [0m[33m4[0m[0m[2m,[0m
  [0mtimeSinceLastAttack[2m:[0m [0m[33m0.40400004386901855[0m[0m[2m,[0m
  [0mattackSpeed[2m:[0m [0m[33m1[0m[0m[2m,[0m
}
WS message received: {
  [0mtype[2m:[0m [0m[32m[0m[32m"stopAttack"[0m[0m[0m[2m,[0m
}
WS message received: {
  [0mtype[2m:[0m [0m[32m[0m[32m"attack"[0m[0m[0m[2m,[0m
  [0menemyId[2m:[0m [0m[33m4[0m[0m[2m,[0m
}
WS attack {
  [0mcurrentPlayerId[2m:[0m [0m[32m[0m[32m"536b2e83-2a1a-4b80-b264-d18be01be7c5"[0m[0m[0m[2m,[0m
  [0menemyId[2m:[0m [0m[33m4[0m[0m[2m,[0m
  [0menemyIdType[2m:[0m [0m[32m[0m[32m"number"[0m[0m[0m[2m,[0m
}
WS attack handler {
  [0mcurrentPlayerId[2m:[0m [0m[32m[0m[32m"536b2e83-2a1a-4b80-b264-d18be01be7c5"[0m[0m[0m[2m,[0m
  [0menemyId[2m:[0m [0m[33m4[0m[0m[2m,[0m
  [0mhasPlayer[2m:[0m [0m[33mtrue[0m[0m[2m,[0m
  [0mhasEnemy[2m:[0m [0m[33mtrue[0m[0m[2m,[0m
}
performAttack: on cooldown {
  [0mplayerId[2m:[0m [0m[32m[0m[32m"536b2e83-2a1a-4b80-b264-d18be01be7c5"[0m[0m[0m[2m,[0m
  [0menemyId[2m:[0m [0m[33m4[0m[0m[2m,[0m
  [0mtimeSinceLastAttack[2m:[0m [0m[33m0.4049999713897705[0m[0m[2m,[0m
  [0mattackSpeed[2m:[0m [0m[33m1[0m[0m[2m,[0m
}
performAttack: on cooldown {
  [0mplayerId[2m:[0m [0m[32m[0m[32m"536b2e83-2a1a-4b80-b264-d18be01be7c5"[0m[0m[0m[2m,[0m
  [0menemyId[2m:[0m [0m[33m4[0m[0m[2m,[0m
  [0mtimeSinceLastAttack[2m:[0m [0m[33m0.5060000419616699[0m[0m[2m,[0m
  [0mattackSpeed[2m:[0m [0m[33m1[0m[0m[2m,[0m
}
WS message received: {
  [0mtype[2m:[0m [0m[32m[0m[32m"stopAttack"[0m[0m[0m[2m,[0m
}
WS message received: {
  [0mtype[2m:[0m [0m[32m[0m[32m"attack"[0m[0m[0m[2m,[0m
  [0menemyId[2m:[0m [0m[33m4[0m[0m[2m,[0m
}
WS attack {
  [0mcurrentPlayerId[2m:[0m [0m[32m[0m[32m"536b2e83-2a1a-4b80-b264-d18be01be7c5"[0m[0m[0m[2m,[0m
  [0menemyId[2m:[0m [0m[33m4[0m[0m[2m,[0m
  [0menemyIdType[2m:[0m [0m[32m[0m[32m"number"[0m[0m[0m[2m,[0m
}
WS attack handler {
  [0mcurrentPlayerId[2m:[0m [0m[32m[0m[32m"536b2e83-2a1a-4b80-b264-d18be01be7c5"[0m[0m[0m[2m,[0m
  [0menemyId[2m:[0m [0m[33m4[0m[0m[2m,[0m
  [0mhasPlayer[2m:[0m [0m[33mtrue[0m[0m[2m,[0m
  [0mhasEnemy[2m:[0m [0m[33mtrue[0m[0m[2m,[0m
}
performAttack: on cooldown {
  [0mplayerId[2m:[0m [0m[32m[0m[32m"536b2e83-2a1a-4b80-b264-d18be01be7c5"[0m[0m[0m[2m,[0m
  [0menemyId[2m:[0m [0m[33m4[0m[0m[2m,[0m
  [0mtimeSinceLastAttack[2m:[0m [0m[33m0.5069999694824219[0m[0m[2m,[0m
  [0mattackSpeed[2m:[0m [0m[33m1[0m[0m[2m,[0m
}
performAttack: on cooldown {
  [0mplayerId[2m:[0m [0m[32m[0m[32m"536b2e83-2a1a-4b80-b264-d18be01be7c5"[0m[0m[0m[2m,[0m
  [0menemyId[2m:[0m [0m[33m4[0m[0m[2m,[0m
  [0mtimeSinceLastAttack[2m:[0m [0m[33m0.6059999465942383[0m[0m[2m,[0m
  [0mattackSpeed[2m:[0m [0m[33m1[0m[0m[2m,[0m
}
WS message received: {
  [0mtype[2m:[0m [0m[32m[0m[32m"stopAttack"[0m[0m[0m[2m,[0m
}
WS message received: {
  [0mtype[2m:[0m [0m[32m[0m[32m"attack"[0m[0m[0m[2m,[0m
  [0menemyId[2m:[0m [0m[33m4[0m[0m[2m,[0m
}
WS attack {
  [0mcurrentPlayerId[2m:[0m [0m[32m[0m[32m"536b2e83-2a1a-4b80-b264-d18be01be7c5"[0m[0m[0m[2m,[0m
  [0menemyId[2m:[0m [0m[33m4[0m[0m[2m,[0m
  [0menemyIdType[2m:[0m [0m[32m[0m[32m"number"[0m[0m[0m[2m,[0m
}
WS attack handler {
  [0mcurrentPlayerId[2m:[0m [0m[32m[0m[32m"536b2e83-2a1a-4b80-b264-d18be01be7c5"[0m[0m[0m[2m,[0m
  [0menemyId[2m:[0m [0m[33m4[0m[0m[2m,[0m
  [0mhasPlayer[2m:[0m [0m[33mtrue[0m[0m[2m,[0m
  [0mhasEnemy[2m:[0m [0m[33mtrue[0m[0m[2m,[0m
}
performAttack: on cooldown {
  [0mplayerId[2m:[0m [0m[32m[0m[32m"536b2e83-2a1a-4b80-b264-d18be01be7c5"[0m[0m[0m[2m,[0m
  [0menemyId[2m:[0m [0m[33m4[0m[0m[2m,[0m
  [0mtimeSinceLastAttack[2m:[0m [0m[33m0.6069998741149902[0m[0m[2m,[0m
  [0mattackSpeed[2m:[0m [0m[33m1[0m[0m[2m,[0m
}
performAttack: on cooldown {
  [0mplayerId[2m:[0m [0m[32m[0m[32m"536b2e83-2a1a-4b80-b264-d18be01be7c5"[0m[0m[0m[2m,[0m
  [0menemyId[2m:[0m [0m[33m4[0m[0m[2m,[0m
  [0mtimeSinceLastAttack[2m:[0m [0m[33m0.7070000171661377[0m[0m[2m,[0m
  [0mattackSpeed[2m:[0m [0m[33m1[0m[0m[2m,[0m
}
WS message received: {
  [0mtype[2m:[0m [0m[32m[0m[32m"stopAttack"[0m[0m[0m[2m,[0m
}
WS message received: {
  [0mtype[2m:[0m [0m[32m[0m[32m"attack"[0m[0m[0m[2m,[0m
  [0menemyId[2m:[0m [0m[33m4[0m[0m[2m,[0m
}
WS attack {
  [0mcurrentPlayerId[2m:[0m [0m[32m[0m[32m"536b2e83-2a1a-4b80-b264-d18be01be7c5"[0m[0m[0m[2m,[0m
  [0menemyId[2m:[0m [0m[33m4[0m[0m[2m,[0m
  [0menemyIdType[2m:[0m [0m[32m[0m[32m"number"[0m[0m[0m[2m,[0m
}
WS attack handler {
  [0mcurrentPlayerId[2m:[0m [0m[32m[0m[32m"536b2e83-2a1a-4b80-b264-d18be01be7c5"[0m[0m[0m[2m,[0m
  [0menemyId[2m:[0m [0m[33m4[0m[0m[2m,[0m
  [0mhasPlayer[2m:[0m [0m[33mtrue[0m[0m[2m,[0m
  [0mhasEnemy[2m:[0m [0m[33mtrue[0m[0m[2m,[0m
}
performAttack: on cooldown {
  [0mplayerId[2m:[0m [0m[32m[0m[32m"536b2e83-2a1a-4b80-b264-d18be01be7c5"[0m[0m[0m[2m,[0m
  [0menemyId[2m:[0m [0m[33m4[0m[0m[2m,[0m
  [0mtimeSinceLastAttack[2m:[0m [0m[33m0.7079999446868896[0m[0m[2m,[0m
  [0mattackSpeed[2m:[0m [0m[33m1[0m[0m[2m,[0m
}
performAttack: on cooldown {
  [0mplayerId[2m:[0m [0m[32m[0m[32m"536b2e83-2a1a-4b80-b264-d18be01be7c5"[0m[0m[0m[2m,[0m
  [0menemyId[2m:[0m [0m[33m4[0m[0m[2m,[0m
  [0mtimeSinceLastAttack[2m:[0m [0m[33m0.8090000152587891[0m[0m[2m,[0m
  [0mattackSpeed[2m:[0m [0m[33m1[0m[0m[2m,[0m
}
WS message received: {
  [0mtype[2m:[0m [0m[32m[0m[32m"stopAttack"[0m[0m[0m[2m,[0m
}
WS message received: {
  [0mtype[2m:[0m [0m[32m[0m[32m"attack"[0m[0m[0m[2m,[0m
  [0menemyId[2m:[0m [0m[33m4[0m[0m[2m,[0m
}
WS attack {
  [0mcurrentPlayerId[2m:[0m [0m[32m[0m[32m"536b2e83-2a1a-4b80-b264-d18be01be7c5"[0m[0m[0m[2m,[0m
  [0menemyId[2m:[0m [0m[33m4[0m[0m[2m,[0m
  [0menemyIdType[2m:[0m [0m[32m[0m[32m"number"[0m[0m[0m[2m,[0m
}
WS attack handler {
  [0mcurrentPlayerId[2m:[0m [0m[32m[0m[32m"536b2e83-2a1a-4b80-b264-d18be01be7c5"[0m[0m[0m[2m,[0m
  [0menemyId[2m:[0m [0m[33m4[0m[0m[2m,[0m
  [0mhasPlayer[2m:[0m [0m[33mtrue[0m[0m[2m,[0m
  [0mhasEnemy[2m:[0m [0m[33mtrue[0m[0m[2m,[0m
}
performAttack: on cooldown {
  [0mplayerId[2m:[0m [0m[32m[0m[32m"536b2e83-2a1a-4b80-b264-d18be01be7c5"[0m[0m[0m[2m,[0m
  [0menemyId[2m:[0m [0m[33m4[0m[0m[2m,[0m
  [0mtimeSinceLastAttack[2m:[0m [0m[33m0.809999942779541[0m[0m[2m,[0m
  [0mattackSpeed[2m:[0m [0m[33m1[0m[0m[2m,[0m
}
performAttack: on cooldown {
  [0mplayerId[2m:[0m [0m[32m[0m[32m"536b2e83-2a1a-4b80-b264-d18be01be7c5"[0m[0m[0m[2m,[0m
  [0menemyId[2m:[0m [0m[33m4[0m[0m[2m,[0m
  [0mtimeSinceLastAttack[2m:[0m [0m[33m0.9110000133514404[0m[0m[2m,[0m
  [0mattackSpeed[2m:[0m [0m[33m1[0m[0m[2m,[0m
}
WS message received: {
  [0mtype[2m:[0m [0m[32m[0m[32m"stopAttack"[0m[0m[0m[2m,[0m
}
WS message received: {
  [0mtype[2m:[0m [0m[32m[0m[32m"attack"[0m[0m[0m[2m,[0m
  [0menemyId[2m:[0m [0m[33m4[0m[0m[2m,[0m
}
WS attack {
  [0mcurrentPlayerId[2m:[0m [0m[32m[0m[32m"536b2e83-2a1a-4b80-b264-d18be01be7c5"[0m[0m[0m[2m,[0m
  [0menemyId[2m:[0m [0m[33m4[0m[0m[2m,[0m
  [0menemyIdType[2m:[0m [0m[32m[0m[32m"number"[0m[0m[0m[2m,[0m
}
WS attack handler {
  [0mcurrentPlayerId[2m:[0m [0m[32m[0m[32m"536b2e83-2a1a-4b80-b264-d18be01be7c5"[0m[0m[0m[2m,[0m
  [0menemyId[2m:[0m [0m[33m4[0m[0m[2m,[0m
  [0mhasPlayer[2m:[0m [0m[33mtrue[0m[0m[2m,[0m
  [0mhasEnemy[2m:[0m [0m[33mtrue[0m[0m[2m,[0m
}
performAttack: on cooldown {
  [0mplayerId[2m:[0m [0m[32m[0m[32m"536b2e83-2a1a-4b80-b264-d18be01be7c5"[0m[0m[0m[2m,[0m
  [0menemyId[2m:[0m [0m[33m4[0m[0m[2m,[0m
  [0mtimeSinceLastAttack[2m:[0m [0m[33m0.9119999408721924[0m[0m[2m,[0m
  [0mattackSpeed[2m:[0m [0m[33m1[0m[0m[2m,[0m
}
performAttack: success {
  [0mplayerId[2m:[0m [0m[32m[0m[32m"536b2e83-2a1a-4b80-b264-d18be01be7c5"[0m[0m[0m[2m,[0m
  [0menemyId[2m:[0m [0m[33m4[0m[0m[2m,[0m
  [0mdamage[2m:[0m [0m[33m25[0m[0m[2m,[0m
  [0mdistance[2m:[0m [0m[33m46.99999999999998[0m[0m[2m,[0m
}
WS message received: {
  [0mtype[2m:[0m [0m[32m[0m[32m"stopAttack"[0m[0m[0m[2m,[0m
}
WS message received: {
  [0mtype[2m:[0m [0m[32m[0m[32m"chat"[0m[0m[0m[2m,[0m
  [0mtext[2m:[0m [0m[32m[0m[32m"$delmob 6"[0m[0m[0m[2m,[0m
}
WS message received: {
  [0mtype[2m:[0m [0m[32m[0m[32m"chat"[0m[0m[0m[2m,[0m
  [0mtext[2m:[0m [0m[32m[0m[32m"$addmob 0 300 400"[0m[0m[0m[2m,[0m
}
WS message received: {
  [0mtype[2m:[0m [0m[32m[0m[32m"stopAttack"[0m[0m[0m[2m,[0m
}
WS message received: {
  [0mtype[2m:[0m [0m[32m[0m[32m"stopAttack"[0m[0m[0m[2m,[0m
}
WS message received: {
  [0mtype[2m:[0m [0m[32m[0m[32m"attack"[0m[0m[0m[2m,[0m
  [0menemyId[2m:[0m [0m[33m4[0m[0m[2m,[0m
}
WS attack {
  [0mcurrentPlayerId[2m:[0m [0m[32m[0m[32m"536b2e83-2a1a-4b80-b264-d18be01be7c5"[0m[0m[0m[2m,[0m
  [0menemyId[2m:[0m [0m[33m4[0m[0m[2m,[0m
  [0menemyIdType[2m:[0m [0m[32m[0m[32m"number"[0m[0m[0m[2m,[0m
}
WS attack handler {
  [0mcurrentPlayerId[2m:[0m [0m[32m[0m[32m"536b2e83-2a1a-4b80-b264-d18be01be7c5"[0m[0m[0m[2m,[0m
  [0menemyId[2m:[0m [0m[33m4[0m[0m[2m,[0m
  [0mhasPlayer[2m:[0m [0m[33mtrue[0m[0m[2m,[0m
  [0mhasEnemy[2m:[0m [0m[33mtrue[0m[0m[2m,[0m
}
performAttack: success {
  [0mplayerId[2m:[0m [0m[32m[0m[32m"536b2e83-2a1a-4b80-b264-d18be01be7c5"[0m[0m[0m[2m,[0m
  [0menemyId[2m:[0m [0m[33m4[0m[0m[2m,[0m
  [0mdamage[2m:[0m [0m[33m21[0m[0m[2m,[0m
  [0mdistance[2m:[0m [0m[33m46.99999999999998[0m[0m[2m,[0m
}
performAttack: on cooldown {
  [0mplayerId[2m:[0m [0m[32m[0m[32m"536b2e83-2a1a-4b80-b264-d18be01be7c5"[0m[0m[0m[2m,[0m
  [0menemyId[2m:[0m [0m[33m4[0m[0m[2m,[0m
  [0mtimeSinceLastAttack[2m:[0m [0m[33m0.03400015830993652[0m[0m[2m,[0m
  [0mattackSpeed[2m:[0m [0m[33m1[0m[0m[2m,[0m
}
WS message received: {
  [0mtype[2m:[0m [0m[32m[0m[32m"stopAttack"[0m[0m[0m[2m,[0m
}
WS message received: {
  [0mtype[2m:[0m [0m[32m[0m[32m"attack"[0m[0m[0m[2m,[0m
  [0menemyId[2m:[0m [0m[33m4[0m[0m[2m,[0m
}
WS attack {
  [0mcurrentPlayerId[2m:[0m [0m[32m[0m[32m"536b2e83-2a1a-4b80-b264-d18be01be7c5"[0m[0m[0m[2m,[0m
  [0menemyId[2m:[0m [0m[33m4[0m[0m[2m,[0m
  [0menemyIdType[2m:[0m [0m[32m[0m[32m"number"[0m[0m[0m[2m,[0m
}
WS attack handler {
  [0mcurrentPlayerId[2m:[0m [0m[32m[0m[32m"536b2e83-2a1a-4b80-b264-d18be01be7c5"[0m[0m[0m[2m,[0m
  [0menemyId[2m:[0m [0m[33m4[0m[0m[2m,[0m
  [0mhasPlayer[2m:[0m [0m[33mtrue[0m[0m[2m,[0m
  [0mhasEnemy[2m:[0m [0m[33mtrue[0m[0m[2m,[0m
}
performAttack: on cooldown {
  [0mplayerId[2m:[0m [0m[32m[0m[32m"536b2e83-2a1a-4b80-b264-d18be01be7c5"[0m[0m[0m[2m,[0m
  [0menemyId[2m:[0m [0m[33m4[0m[0m[2m,[0m
  [0mtimeSinceLastAttack[2m:[0m [0m[33m0.03600001335144043[0m[0m[2m,[0m
  [0mattackSpeed[2m:[0m [0m[33m1[0m[0m[2m,[0m
}
performAttack: on cooldown {
  [0mplayerId[2m:[0m [0m[32m[0m[32m"536b2e83-2a1a-4b80-b264-d18be01be7c5"[0m[0m[0m[2m,[0m
  [0menemyId[2m:[0m [0m[33m4[0m[0m[2m,[0m
  [0mtimeSinceLastAttack[2m:[0m [0m[33m0.1360001564025879[0m[0m[2m,[0m
  [0mattackSpeed[2m:[0m [0m[33m1[0m[0m[2m,[0m
}
WS message received: {
  [0mtype[2m:[0m [0m[32m[0m[32m"stopAttack"[0m[0m[0m[2m,[0m
}
WS message received: {
  [0mtype[2m:[0m [0m[32m[0m[32m"attack"[0m[0m[0m[2m,[0m
  [0menemyId[2m:[0m [0m[33m4[0m[0m[2m,[0m
}
WS attack {
  [0mcurrentPlayerId[2m:[0m [0m[32m[0m[32m"536b2e83-2a1a-4b80-b264-d18be01be7c5"[0m[0m[0m[2m,[0m
  [0menemyId[2m:[0m [0m[33m4[0m[0m[2m,[0m
  [0menemyIdType[2m:[0m [0m[32m[0m[32m"number"[0m[0m[0m[2m,[0m
}
WS attack handler {
  [0mcurrentPlayerId[2m:[0m [0m[32m[0m[32m"536b2e83-2a1a-4b80-b264-d18be01be7c5"[0m[0m[0m[2m,[0m
  [0menemyId[2m:[0m [0m[33m4[0m[0m[2m,[0m
  [0mhasPlayer[2m:[0m [0m[33mtrue[0m[0m[2m,[0m
  [0mhasEnemy[2m:[0m [0m[33mtrue[0m[0m[2m,[0m
}
performAttack: on cooldown {
  [0mplayerId[2m:[0m [0m[32m[0m[32m"536b2e83-2a1a-4b80-b264-d18be01be7c5"[0m[0m[0m[2m,[0m
  [0menemyId[2m:[0m [0m[33m4[0m[0m[2m,[0m
  [0mtimeSinceLastAttack[2m:[0m [0m[33m0.13700008392333984[0m[0m[2m,[0m
  [0mattackSpeed[2m:[0m [0m[33m1[0m[0m[2m,[0m
}
performAttack: on cooldown {
  [0mplayerId[2m:[0m [0m[32m[0m[32m"536b2e83-2a1a-4b80-b264-d18be01be7c5"[0m[0m[0m[2m,[0m
  [0menemyId[2m:[0m [0m[33m4[0m[0m[2m,[0m
  [0mtimeSinceLastAttack[2m:[0m [0m[33m0.2369999885559082[0m[0m[2m,[0m
  [0mattackSpeed[2m:[0m [0m[33m1[0m[0m[2m,[0m
}
WS message received: {
  [0mtype[2m:[0m [0m[32m[0m[32m"stopAttack"[0m[0m[0m[2m,[0m
}
WS message received: {
  [0mtype[2m:[0m [0m[32m[0m[32m"attack"[0m[0m[0m[2m,[0m
  [0menemyId[2m:[0m [0m[33m4[0m[0m[2m,[0m
}
WS attack {
  [0mcurrentPlayerId[2m:[0m [0m[32m[0m[32m"536b2e83-2a1a-4b80-b264-d18be01be7c5"[0m[0m[0m[2m,[0m
  [0menemyId[2m:[0m [0m[33m4[0m[0m[2m,[0m
  [0menemyIdType[2m:[0m [0m[32m[0m[32m"number"[0m[0m[0m[2m,[0m
}
WS attack handler {
  [0mcurrentPlayerId[2m:[0m [0m[32m[0m[32m"536b2e83-2a1a-4b80-b264-d18be01be7c5"[0m[0m[0m[2m,[0m
  [0menemyId[2m:[0m [0m[33m4[0m[0m[2m,[0m
  [0mhasPlayer[2m:[0m [0m[33mtrue[0m[0m[2m,[0m
  [0mhasEnemy[2m:[0m [0m[33mtrue[0m[0m[2m,[0m
}
performAttack: on cooldown {
  [0mplayerId[2m:[0m [0m[32m[0m[32m"536b2e83-2a1a-4b80-b264-d18be01be7c5"[0m[0m[0m[2m,[0m
  [0menemyId[2m:[0m [0m[33m4[0m[0m[2m,[0m
  [0mtimeSinceLastAttack[2m:[0m [0m[33m0.2390000820159912[0m[0m[2m,[0m
  [0mattackSpeed[2m:[0m [0m[33m1[0m[0m[2m,[0m
}
performAttack: on cooldown {
  [0mplayerId[2m:[0m [0m[32m[0m[32m"536b2e83-2a1a-4b80-b264-d18be01be7c5"[0m[0m[0m[2m,[0m
  [0menemyId[2m:[0m [0m[33m4[0m[0m[2m,[0m
  [0mtimeSinceLastAttack[2m:[0m [0m[33m0.33899998664855957[0m[0m[2m,[0m
  [0mattackSpeed[2m:[0m [0m[33m1[0m[0m[2m,[0m
}
WS message received: {
  [0mtype[2m:[0m [0m[32m[0m[32m"stopAttack"[0m[0m[0m[2m,[0m
}
WS message received: {
  [0mtype[2m:[0m [0m[32m[0m[32m"attack"[0m[0m[0m[2m,[0m
  [0menemyId[2m:[0m [0m[33m4[0m[0m[2m,[0m
}
WS attack {
  [0mcurrentPlayerId[2m:[0m [0m[32m[0m[32m"536b2e83-2a1a-4b80-b264-d18be01be7c5"[0m[0m[0m[2m,[0m
  [0menemyId[2m:[0m [0m[33m4[0m[0m[2m,[0m
  [0menemyIdType[2m:[0m [0m[32m[0m[32m"number"[0m[0m[0m[2m,[0m
}
WS attack handler {
  [0mcurrentPlayerId[2m:[0m [0m[32m[0m[32m"536b2e83-2a1a-4b80-b264-d18be01be7c5"[0m[0m[0m[2m,[0m
  [0menemyId[2m:[0m [0m[33m4[0m[0m[2m,[0m
  [0mhasPlayer[2m:[0m [0m[33mtrue[0m[0m[2m,[0m
  [0mhasEnemy[2m:[0m [0m[33mtrue[0m[0m[2m,[0m
}
performAttack: on cooldown {
  [0mplayerId[2m:[0m [0m[32m[0m[32m"536b2e83-2a1a-4b80-b264-d18be01be7c5"[0m[0m[0m[2m,[0m
  [0menemyId[2m:[0m [0m[33m4[0m[0m[2m,[0m
  [0mtimeSinceLastAttack[2m:[0m [0m[33m0.3400001525878906[0m[0m[2m,[0m
  [0mattackSpeed[2m:[0m [0m[33m1[0m[0m[2m,[0m
}
performAttack: on cooldown {
  [0mplayerId[2m:[0m [0m[32m[0m[32m"536b2e83-2a1a-4b80-b264-d18be01be7c5"[0m[0m[0m[2m,[0m
  [0menemyId[2m:[0m [0m[33m4[0m[0m[2m,[0m
  [0mtimeSinceLastAttack[2m:[0m [0m[33m0.440000057220459[0m[0m[2m,[0m
  [0mattackSpeed[2m:[0m [0m[33m1[0m[0m[2m,[0m
}
WS message received: {
  [0mtype[2m:[0m [0m[32m[0m[32m"stopAttack"[0m[0m[0m[2m,[0m
}
WS message received: {
  [0mtype[2m:[0m [0m[32m[0m[32m"attack"[0m[0m[0m[2m,[0m
  [0menemyId[2m:[0m [0m[33m4[0m[0m[2m,[0m
}
WS attack {
  [0mcurrentPlayerId[2m:[0m [0m[32m[0m[32m"536b2e83-2a1a-4b80-b264-d18be01be7c5"[0m[0m[0m[2m,[0m
  [0menemyId[2m:[0m [0m[33m4[0m[0m[2m,[0m
  [0menemyIdType[2m:[0m [0m[32m[0m[32m"number"[0m[0m[0m[2m,[0m
}
WS attack handler {
  [0mcurrentPlayerId[2m:[0m [0m[32m[0m[32m"536b2e83-2a1a-4b80-b264-d18be01be7c5"[0m[0m[0m[2m,[0m
  [0menemyId[2m:[0m [0m[33m4[0m[0m[2m,[0m
  [0mhasPlayer[2m:[0m [0m[33mtrue[0m[0m[2m,[0m
  [0mhasEnemy[2m:[0m [0m[33mtrue[0m[0m[2m,[0m
}
performAttack: on cooldown {
  [0mplayerId[2m:[0m [0m[32m[0m[32m"536b2e83-2a1a-4b80-b264-d18be01be7c5"[0m[0m[0m[2m,[0m
  [0menemyId[2m:[0m [0m[33m4[0m[0m[2m,[0m
  [0mtimeSinceLastAttack[2m:[0m [0m[33m0.44099998474121094[0m[0m[2m,[0m
  [0mattackSpeed[2m:[0m [0m[33m1[0m[0m[2m,[0m
}
performAttack: on cooldown {
  [0mplayerId[2m:[0m [0m[32m[0m[32m"536b2e83-2a1a-4b80-b264-d18be01be7c5"[0m[0m[0m[2m,[0m
  [0menemyId[2m:[0m [0m[33m4[0m[0m[2m,[0m
  [0mtimeSinceLastAttack[2m:[0m [0m[33m0.5420000553131104[0m[0m[2m,[0m
  [0mattackSpeed[2m:[0m [0m[33m1[0m[0m[2m,[0m
}
WS message received: {
  [0mtype[2m:[0m [0m[32m[0m[32m"stopAttack"[0m[0m[0m[2m,[0m
}
WS message received: {
  [0mtype[2m:[0m [0m[32m[0m[32m"attack"[0m[0m[0m[2m,[0m
  [0menemyId[2m:[0m [0m[33m4[0m[0m[2m,[0m
}
WS attack {
  [0mcurrentPlayerId[2m:[0m [0m[32m[0m[32m"536b2e83-2a1a-4b80-b264-d18be01be7c5"[0m[0m[0m[2m,[0m
  [0menemyId[2m:[0m [0m[33m4[0m[0m[2m,[0m
  [0menemyIdType[2m:[0m [0m[32m[0m[32m"number"[0m[0m[0m[2m,[0m
}
WS attack handler {
  [0mcurrentPlayerId[2m:[0m [0m[32m[0m[32m"536b2e83-2a1a-4b80-b264-d18be01be7c5"[0m[0m[0m[2m,[0m
  [0menemyId[2m:[0m [0m[33m4[0m[0m[2m,[0m
  [0mhasPlayer[2m:[0m [0m[33mtrue[0m[0m[2m,[0m
  [0mhasEnemy[2m:[0m [0m[33mtrue[0m[0m[2m,[0m
}
performAttack: on cooldown {
  [0mplayerId[2m:[0m [0m[32m[0m[32m"536b2e83-2a1a-4b80-b264-d18be01be7c5"[0m[0m[0m[2m,[0m
  [0menemyId[2m:[0m [0m[33m4[0m[0m[2m,[0m
  [0mtimeSinceLastAttack[2m:[0m [0m[33m0.5429999828338623[0m[0m[2m,[0m
  [0mattackSpeed[2m:[0m [0m[33m1[0m[0m[2m,[0m
}
WS message received: {
  [0mtype[2m:[0m [0m[32m[0m[32m"stopAttack"[0m[0m[0m[2m,[0m
}
WS message received: {
  [0mtype[2m:[0m [0m[32m[0m[32m"move"[0m[0m[0m[2m,[0m
  [0mx[2m:[0m [0m[33m551.0716129032259[0m[0m[2m,[0m
  [0my[2m:[0m [0m[33m134.95612903225808[0m[0m[2m,[0m
}
WS move {
  [0mcurrentPlayerId[2m:[0m [0m[32m[0m[32m"536b2e83-2a1a-4b80-b264-d18be01be7c5"[0m[0m[0m[2m,[0m
  [0mx[2m:[0m [0m[33m551.0716129032259[0m[0m[2m,[0m
  [0my[2m:[0m [0m[33m134.95612903225808[0m[0m[2m,[0m
  [0menemyId[2m:[0m [0m[2mundefined[0m[0m[2m,[0m
}
WS message received: {
  [0mtype[2m:[0m [0m[32m[0m[32m"stopAttack"[0m[0m[0m[2m,[0m
}
WS message received: {
  [0mtype[2m:[0m [0m[32m[0m[32m"move"[0m[0m[0m[2m,[0m
  [0mx[2m:[0m [0m[33m657.3000000000001[0m[0m[2m,[0m
  [0my[2m:[0m [0m[33m75.05290322580646[0m[0m[2m,[0m
}
WS move {
  [0mcurrentPlayerId[2m:[0m [0m[32m[0m[32m"536b2e83-2a1a-4b80-b264-d18be01be7c5"[0m[0m[0m[2m,[0m
  [0mx[2m:[0m [0m[33m657.3000000000001[0m[0m[2m,[0m
  [0my[2m:[0m [0m[33m75.05290322580646[0m[0m[2m,[0m
  [0menemyId[2m:[0m [0m[2mundefined[0m[0m[2m,[0m
}
WS message received: {
  [0mtype[2m:[0m [0m[32m[0m[32m"stopAttack"[0m[0m[0m[2m,[0m
}
WS message received: {
  [0mtype[2m:[0m [0m[32m[0m[32m"move"[0m[0m[0m[2m,[0m
  [0mx[2m:[0m [0m[33m694.8393548387097[0m[0m[2m,[0m
  [0my[2m:[0m [0m[33m54.28645161290322[0m[0m[2m,[0m
}
WS move {
  [0mcurrentPlayerId[2m:[0m [0m[32m[0m[32m"536b2e83-2a1a-4b80-b264-d18be01be7c5"[0m[0m[0m[2m,[0m
  [0mx[2m:[0m [0m[33m694.8393548387097[0m[0m[2m,[0m
  [0my[2m:[0m [0m[33m54.28645161290322[0m[0m[2m,[0m
  [0menemyId[2m:[0m [0m[2mundefined[0m[0m[2m,[0m
}
WS message received: {
  [0mtype[2m:[0m [0m[32m[0m[32m"stopAttack"[0m[0m[0m[2m,[0m
}
WS message received: {
  [0mtype[2m:[0m [0m[32m[0m[32m"move"[0m[0m[0m[2m,[0m
  [0mx[2m:[0m [0m[33m802.6651612903227[0m[0m[2m,[0m
  [0my[2m:[0m [0m[33m43.903225806451616[0m[0m[2m,[0m
}
WS move {
  [0mcurrentPlayerId[2m:[0m [0m[32m[0m[32m"536b2e83-2a1a-4b80-b264-d18be01be7c5"[0m[0m[0m[2m,[0m
  [0mx[2m:[0m [0m[33m802.6651612903227[0m[0m[2m,[0m
  [0my[2m:[0m [0m[33m43.903225806451616[0m[0m[2m,[0m
  [0menemyId[2m:[0m [0m[2mundefined[0m[0m[2m,[0m
}
WS message received: {
  [0mtype[2m:[0m [0m[32m[0m[32m"stopAttack"[0m[0m[0m[2m,[0m
}
WS message received: {
  [0mtype[2m:[0m [0m[32m[0m[32m"move"[0m[0m[0m[2m,[0m
  [0mx[2m:[0m [0m[33m890.5232258064517[0m[0m[2m,[0m
  [0my[2m:[0m [0m[33m31.123870967741937[0m[0m[2m,[0m
}
WS move {
  [0mcurrentPlayerId[2m:[0m [0m[32m[0m[32m"536b2e83-2a1a-4b80-b264-d18be01be7c5"[0m[0m[0m[2m,[0m
  [0mx[2m:[0m [0m[33m890.5232258064517[0m[0m[2m,[0m
  [0my[2m:[0m [0m[33m31.123870967741937[0m[0m[2m,[0m
  [0menemyId[2m:[0m [0m[2mundefined[0m[0m[2m,[0m
}
WS message received: {
  [0mtype[2m:[0m [0m[32m[0m[32m"stopAttack"[0m[0m[0m[2m,[0m
}
WS message received: {
  [0mtype[2m:[0m [0m[32m[0m[32m"move"[0m[0m[0m[2m,[0m
  [0mx[2m:[0m [0m[33m750.7490322580645[0m[0m[2m,[0m
  [0my[2m:[0m [0m[33m83.04[0m[0m[2m,[0m
}
WS move {
  [0mcurrentPlayerId[2m:[0m [0m[32m[0m[32m"536b2e83-2a1a-4b80-b264-d18be01be7c5"[0m[0m[0m[2m,[0m
  [0mx[2m:[0m [0m[33m750.7490322580645[0m[0m[2m,[0m
  [0my[2m:[0m [0m[33m83.04[0m[0m[2m,[0m
  [0menemyId[2m:[0m [0m[2mundefined[0m[0m[2m,[0m
}
WS message received: {
  [0mtype[2m:[0m [0m[32m[0m[32m"stopAttack"[0m[0m[0m[2m,[0m
}
WS message received: {
  [0mtype[2m:[0m [0m[32m[0m[32m"move"[0m[0m[0m[2m,[0m
  [0mx[2m:[0m [0m[33m608.5787096774194[0m[0m[2m,[0m
  [0my[2m:[0m [0m[33m173.2941935483871[0m[0m[2m,[0m
}
WS move {
  [0mcurrentPlayerId[2m:[0m [0m[32m[0m[32m"536b2e83-2a1a-4b80-b264-d18be01be7c5"[0m[0m[0m[2m,[0m
  [0mx[2m:[0m [0m[33m608.5787096774194[0m[0m[2m,[0m
  [0my[2m:[0m [0m[33m173.2941935483871[0m[0m[2m,[0m
  [0menemyId[2m:[0m [0m[2mundefined[0m[0m[2m,[0m
}
WS message received: {
  [0mtype[2m:[0m [0m[32m[0m[32m"stopAttack"[0m[0m[0m[2m,[0m
}
WS message received: {
  [0mtype[2m:[0m [0m[32m[0m[32m"move"[0m[0m[0m[2m,[0m
  [0mx[2m:[0m [0m[33m458.42129032258066[0m[0m[2m,[0m
  [0my[2m:[0m [0m[33m301.0877419354839[0m[0m[2m,[0m
}
WS move {
  [0mcurrentPlayerId[2m:[0m [0m[32m[0m[32m"536b2e83-2a1a-4b80-b264-d18be01be7c5"[0m[0m[0m[2m,[0m
  [0mx[2m:[0m [0m[33m458.42129032258066[0m[0m[2m,[0m
  [0my[2m:[0m [0m[33m301.0877419354839[0m[0m[2m,[0m
  [0menemyId[2m:[0m [0m[2mundefined[0m[0m[2m,[0m
}
WS message received: {
  [0mtype[2m:[0m [0m[32m[0m[32m"stopAttack"[0m[0m[0m[2m,[0m
}
WS message received: {
  [0mtype[2m:[0m [0m[32m[0m[32m"move"[0m[0m[0m[2m,[0m
  [0mx[2m:[0m [0m[33m458.42129032258066[0m[0m[2m,[0m
  [0my[2m:[0m [0m[33m327.4451612903226[0m[0m[2m,[0m
}
WS move {
  [0mcurrentPlayerId[2m:[0m [0m[32m[0m[32m"536b2e83-2a1a-4b80-b264-d18be01be7c5"[0m[0m[0m[2m,[0m
  [0mx[2m:[0m [0m[33m458.42129032258066[0m[0m[2m,[0m
  [0my[2m:[0m [0m[33m327.4451612903226[0m[0m[2m,[0m
  [0menemyId[2m:[0m [0m[2mundefined[0m[0m[2m,[0m
}
WS message received: {
  [0mtype[2m:[0m [0m[32m[0m[32m"stopAttack"[0m[0m[0m[2m,[0m
}
WS message received: {
  [0mtype[2m:[0m [0m[32m[0m[32m"move"[0m[0m[0m[2m,[0m
  [0mx[2m:[0m [0m[33m475.9929032258065[0m[0m[2m,[0m
  [0my[2m:[0m [0m[33m346.6141935483871[0m[0m[2m,[0m
}
WS move {
  [0mcurrentPlayerId[2m:[0m [0m[32m[0m[32m"536b2e83-2a1a-4b80-b264-d18be01be7c5"[0m[0m[0m[2m,[0m
  [0mx[2m:[0m [0m[33m475.9929032258065[0m[0m[2m,[0m
  [0my[2m:[0m [0m[33m346.6141935483871[0m[0m[2m,[0m
  [0menemyId[2m:[0m [0m[2mundefined[0m[0m[2m,[0m
}
WS message received: {
  [0mtype[2m:[0m [0m[32m[0m[32m"chat"[0m[0m[0m[2m,[0m
  [0mtext[2m:[0m [0m[32m[0m[32m"$shutdown"[0m[0m[0m[2m,[0m
}
Shutdown initiated: Requested by 536b2e83-2a1a-4b80-b264-d18be01be7c5
